Archive member included to satisfy reference by file (symbol)

c:/st/stm32cubeide_1.12.1/stm32cubeide/plugins/com.st.stm32cube.ide.mcu.externaltools.gnu-tools-for-stm32.10.3-2021.10.win32_1.0.200.202301161003/tools/bin/../lib/gcc/arm-none-eabi/10.3.1/../../../../arm-none-eabi/lib/thumb/v7-m/nofp\libc_nano.a(lib_a-errno.o)
                              ./Core/Src/syscalls.o (__errno)
c:/st/stm32cubeide_1.12.1/stm32cubeide/plugins/com.st.stm32cube.ide.mcu.externaltools.gnu-tools-for-stm32.10.3-2021.10.win32_1.0.200.202301161003/tools/bin/../lib/gcc/arm-none-eabi/10.3.1/../../../../arm-none-eabi/lib/thumb/v7-m/nofp\libc_nano.a(lib_a-exit.o)
                              c:/st/stm32cubeide_1.12.1/stm32cubeide/plugins/com.st.stm32cube.ide.mcu.externaltools.gnu-tools-for-stm32.10.3-2021.10.win32_1.0.200.202301161003/tools/bin/../lib/gcc/arm-none-eabi/10.3.1/../../../../arm-none-eabi/lib/thumb/v7-m/nofp/crt0.o (exit)
c:/st/stm32cubeide_1.12.1/stm32cubeide/plugins/com.st.stm32cube.ide.mcu.externaltools.gnu-tools-for-stm32.10.3-2021.10.win32_1.0.200.202301161003/tools/bin/../lib/gcc/arm-none-eabi/10.3.1/../../../../arm-none-eabi/lib/thumb/v7-m/nofp\libc_nano.a(lib_a-impure.o)
                              c:/st/stm32cubeide_1.12.1/stm32cubeide/plugins/com.st.stm32cube.ide.mcu.externaltools.gnu-tools-for-stm32.10.3-2021.10.win32_1.0.200.202301161003/tools/bin/../lib/gcc/arm-none-eabi/10.3.1/../../../../arm-none-eabi/lib/thumb/v7-m/nofp\libc_nano.a(lib_a-exit.o) (_global_impure_ptr)
c:/st/stm32cubeide_1.12.1/stm32cubeide/plugins/com.st.stm32cube.ide.mcu.externaltools.gnu-tools-for-stm32.10.3-2021.10.win32_1.0.200.202301161003/tools/bin/../lib/gcc/arm-none-eabi/10.3.1/../../../../arm-none-eabi/lib/thumb/v7-m/nofp\libc_nano.a(lib_a-init.o)
                              c:/st/stm32cubeide_1.12.1/stm32cubeide/plugins/com.st.stm32cube.ide.mcu.externaltools.gnu-tools-for-stm32.10.3-2021.10.win32_1.0.200.202301161003/tools/bin/../lib/gcc/arm-none-eabi/10.3.1/../../../../arm-none-eabi/lib/thumb/v7-m/nofp/crt0.o (__libc_init_array)
c:/st/stm32cubeide_1.12.1/stm32cubeide/plugins/com.st.stm32cube.ide.mcu.externaltools.gnu-tools-for-stm32.10.3-2021.10.win32_1.0.200.202301161003/tools/bin/../lib/gcc/arm-none-eabi/10.3.1/../../../../arm-none-eabi/lib/thumb/v7-m/nofp\libc_nano.a(lib_a-memcpy-stub.o)
                              ./Middlewares/Third_Party/FreeRTOS/Source/CMSIS_RTOS_V2/cmsis_os2.o (memcpy)
c:/st/stm32cubeide_1.12.1/stm32cubeide/plugins/com.st.stm32cube.ide.mcu.externaltools.gnu-tools-for-stm32.10.3-2021.10.win32_1.0.200.202301161003/tools/bin/../lib/gcc/arm-none-eabi/10.3.1/../../../../arm-none-eabi/lib/thumb/v7-m/nofp\libc_nano.a(lib_a-memset.o)
                              c:/st/stm32cubeide_1.12.1/stm32cubeide/plugins/com.st.stm32cube.ide.mcu.externaltools.gnu-tools-for-stm32.10.3-2021.10.win32_1.0.200.202301161003/tools/bin/../lib/gcc/arm-none-eabi/10.3.1/../../../../arm-none-eabi/lib/thumb/v7-m/nofp/crt0.o (memset)
c:/st/stm32cubeide_1.12.1/stm32cubeide/plugins/com.st.stm32cube.ide.mcu.externaltools.gnu-tools-for-stm32.10.3-2021.10.win32_1.0.200.202301161003/tools/bin/../lib/gcc/arm-none-eabi/10.3.1/../../../../arm-none-eabi/lib/thumb/v7-m/nofp\libc_nano.a(lib_a-sprintf.o)
                              ./Core/Src/Lesson2_USART1_DMA1_ADC2.o (sprintf)
c:/st/stm32cubeide_1.12.1/stm32cubeide/plugins/com.st.stm32cube.ide.mcu.externaltools.gnu-tools-for-stm32.10.3-2021.10.win32_1.0.200.202301161003/tools/bin/../lib/gcc/arm-none-eabi/10.3.1/../../../../arm-none-eabi/lib/thumb/v7-m/nofp\libc_nano.a(lib_a-sscanf.o)
                              ./Core/Src/Lesson2_USART1_DMA1_ADC2.o (sscanf)
c:/st/stm32cubeide_1.12.1/stm32cubeide/plugins/com.st.stm32cube.ide.mcu.externaltools.gnu-tools-for-stm32.10.3-2021.10.win32_1.0.200.202301161003/tools/bin/../lib/gcc/arm-none-eabi/10.3.1/../../../../arm-none-eabi/lib/thumb/v7-m/nofp\libc_nano.a(lib_a-stdio.o)
                              c:/st/stm32cubeide_1.12.1/stm32cubeide/plugins/com.st.stm32cube.ide.mcu.externaltools.gnu-tools-for-stm32.10.3-2021.10.win32_1.0.200.202301161003/tools/bin/../lib/gcc/arm-none-eabi/10.3.1/../../../../arm-none-eabi/lib/thumb/v7-m/nofp\libc_nano.a(lib_a-sscanf.o) (__seofread)
c:/st/stm32cubeide_1.12.1/stm32cubeide/plugins/com.st.stm32cube.ide.mcu.externaltools.gnu-tools-for-stm32.10.3-2021.10.win32_1.0.200.202301161003/tools/bin/../lib/gcc/arm-none-eabi/10.3.1/../../../../arm-none-eabi/lib/thumb/v7-m/nofp\libc_nano.a(lib_a-strcpy.o)
                              ./Core/Src/Lesson2_USART1_DMA1_ADC2.o (strcpy)
c:/st/stm32cubeide_1.12.1/stm32cubeide/plugins/com.st.stm32cube.ide.mcu.externaltools.gnu-tools-for-stm32.10.3-2021.10.win32_1.0.200.202301161003/tools/bin/../lib/gcc/arm-none-eabi/10.3.1/../../../../arm-none-eabi/lib/thumb/v7-m/nofp\libc_nano.a(lib_a-strlen.o)
                              ./Core/Src/Lesson2_USART1_DMA1_ADC2.o (strlen)
[...]
Memory Configuration

Name             Origin             Length             Attributes
RAM              0x0000000020000000 0x0000000000005000 xrw
FLASH            0x0000000008000000 0x0000000000010000 xr
*default*        0x0000000000000000 0xffffffffffffffff

Linker script and memory map

LOAD c:/st/stm32cubeide_1.12.1/stm32cubeide/plugins/com.st.stm32cube.ide.mcu.externaltools.gnu-tools-for-stm32.10.3-2021.10.win32_1.0.200.202301161003/tools/bin/../lib/gcc/arm-none-eabi/10.3.1/thumb/v7-m/nofp/crti.o
LOAD c:/st/stm32cubeide_1.12.1/stm32cubeide/plugins/com.st.stm32cube.ide.mcu.externaltools.gnu-tools-for-stm32.10.3-2021.10.win32_1.0.200.202301161003/tools/bin/../lib/gcc/arm-none-eabi/10.3.1/thumb/v7-m/nofp/crtbegin.o
LOAD c:/st/stm32cubeide_1.12.1/stm32cubeide/plugins/com.st.stm32cube.ide.mcu.externaltools.gnu-tools-for-stm32.10.3-2021.10.win32_1.0.200.202301161003/tools/bin/../lib/gcc/arm-none-eabi/10.3.1/../../../../arm-none-eabi/lib/thumb/v7-m/nofp/crt0.o
LOAD ./Core/Src/ADC.o
LOAD ./Core/Src/Encoder.o
LOAD ./Core/Src/Lesson2_USART1_DMA1_ADC2.o
LOAD ./Core/Src/My_Lib_CMSIS.o
LOAD ./Core/Src/Timer3_PWM.o
LOAD ./Core/Src/freertos.o
LOAD ./Core/Src/main.o
LOAD ./Core/Src/stm32f1xx_hal_msp.o
LOAD ./Core/Src/stm32f1xx_hal_timebase_tim.o
LOAD ./Core/Src/stm32f1xx_it.o
LOAD ./Core/Src/syscalls.o
LOAD ./Core/Src/sysmem.o
LOAD ./Core/Src/system_stm32f1xx.o
LOAD ./Core/Startup/startup_stm32f103c8tx.o
LOAD ./Drivers/STM32F1xx_HAL_Driver/Src/stm32f1xx_hal.o
LOAD ./Drivers/STM32F1xx_HAL_Driver/Src/stm32f1xx_hal_adc.o
LOAD ./Drivers/STM32F1xx_HAL_Driver/Src/stm32f1xx_hal_adc_ex.o
LOAD ./Drivers/STM32F1xx_HAL_Driver/Src/stm32f1xx_hal_cortex.o
LOAD ./Drivers/STM32F1xx_HAL_Driver/Src/stm32f1xx_hal_dma.o
LOAD ./Drivers/STM32F1xx_HAL_Driver/Src/stm32f1xx_hal_exti.o
LOAD ./Drivers/STM32F1xx_HAL_Driver/Src/stm32f1xx_hal_flash.o
LOAD ./Drivers/STM32F1xx_HAL_Driver/Src/stm32f1xx_hal_flash_ex.o
LOAD ./Drivers/STM32F1xx_HAL_Driver/Src/stm32f1xx_hal_gpio.o
LOAD ./Drivers/STM32F1xx_HAL_Driver/Src/stm32f1xx_hal_gpio_ex.o
LOAD ./Drivers/STM32F1xx_HAL_Driver/Src/stm32f1xx_hal_pwr.o
LOAD ./Drivers/STM32F1xx_HAL_Driver/Src/stm32f1xx_hal_rcc.o
LOAD ./Drivers/STM32F1xx_HAL_Driver/Src/stm32f1xx_hal_rcc_ex.o
LOAD ./Drivers/STM32F1xx_HAL_Driver/Src/stm32f1xx_hal_tim.o
LOAD ./Drivers/STM32F1xx_HAL_Driver/Src/stm32f1xx_hal_tim_ex.o
LOAD ./Drivers/STM32F1xx_HAL_Driver/Src/stm32f1xx_hal_uart.o
LOAD ./Middlewares/Third_Party/FreeRTOS/Source/CMSIS_RTOS_V2/cmsis_os2.o
LOAD ./Middlewares/Third_Party/FreeRTOS/Source/croutine.o
LOAD ./Middlewares/Third_Party/FreeRTOS/Source/event_groups.o
LOAD ./Middlewares/Third_Party/FreeRTOS/Source/list.o
LOAD ./Middlewares/Third_Party/FreeRTOS/Source/queue.o
LOAD ./Middlewares/Third_Party/FreeRTOS/Source/stream_buffer.o
LOAD ./Middlewares/Third_Party/FreeRTOS/Source/tasks.o
LOAD ./Middlewares/Third_Party/FreeRTOS/Source/timers.o
LOAD ./Middlewares/Third_Party/FreeRTOS/Source/portable/GCC/ARM_CM3/port.o
LOAD ./Middlewares/Third_Party/FreeRTOS/Source/portable/MemMang/heap_4.o
START GROUP
LOAD c:/st/stm32cubeide_1.12.1/stm32cubeide/plugins/com.st.stm32cube.ide.mcu.externaltools.gnu-tools-for-stm32.10.3-2021.10.win32_1.0.200.202301161003/tools/bin/../lib/gcc/arm-none-eabi/10.3.1/../../../../arm-none-eabi/lib/thumb/v7-m/nofp\libc_nano.a
LOAD c:/st/stm32cubeide_1.12.1/stm32cubeide/plugins/com.st.stm32cube.ide.mcu.externaltools.gnu-tools-for-stm32.10.3-2021.10.win32_1.0.200.202301161003/tools/bin/../lib/gcc/arm-none-eabi/10.3.1/../../../../arm-none-eabi/lib/thumb/v7-m/nofp\libm.a
END GROUP
START GROUP
LOAD c:/st/stm32cubeide_1.12.1/stm32cubeide/plugins/com.st.stm32cube.ide.mcu.externaltools.gnu-tools-for-stm32.10.3-2021.10.win32_1.0.200.202301161003/tools/bin/../lib/gcc/arm-none-eabi/10.3.1/thumb/v7-m/nofp\libgcc.a
LOAD c:/st/stm32cubeide_1.12.1/stm32cubeide/plugins/com.st.stm32cube.ide.mcu.externaltools.gnu-tools-for-stm32.10.3-2021.10.win32_1.0.200.202301161003/tools/bin/../lib/gcc/arm-none-eabi/10.3.1/../../../../arm-none-eabi/lib/thumb/v7-m/nofp\libc_nano.a
END GROUP
START GROUP
LOAD c:/st/stm32cubeide_1.12.1/stm32cubeide/plugins/com.st.stm32cube.ide.mcu.externaltools.gnu-tools-for-stm32.10.3-2021.10.win32_1.0.200.202301161003/tools/bin/../lib/gcc/arm-none-eabi/10.3.1/thumb/v7-m/nofp\libgcc.a
LOAD c:/st/stm32cubeide_1.12.1/stm32cubeide/plugins/com.st.stm32cube.ide.mcu.externaltools.gnu-tools-for-stm32.10.3-2021.10.win32_1.0.200.202301161003/tools/bin/../lib/gcc/arm-none-eabi/10.3.1/../../../../arm-none-eabi/lib/thumb/v7-m/nofp\libc_nano.a
LOAD c:/st/stm32cubeide_1.12.1/stm32cubeide/plugins/com.st.stm32cube.ide.mcu.externaltools.gnu-tools-for-stm32.10.3-2021.10.win32_1.0.200.202301161003/tools/bin/../lib/gcc/arm-none-eabi/10.3.1/../../../../arm-none-eabi/lib/thumb/v7-m/nofp\libnosys.a
END GROUP
START GROUP
LOAD c:/st/stm32cubeide_1.12.1/stm32cubeide/plugins/com.st.stm32cube.ide.mcu.externaltools.gnu-tools-for-stm32.10.3-2021.10.win32_1.0.200.202301161003/tools/bin/../lib/gcc/arm-none-eabi/10.3.1/thumb/v7-m/nofp\libgcc.a
LOAD c:/st/stm32cubeide_1.12.1/stm32cubeide/plugins/com.st.stm32cube.ide.mcu.externaltools.gnu-tools-for-stm32.10.3-2021.10.win32_1.0.200.202301161003/tools/bin/../lib/gcc/arm-none-eabi/10.3.1/../../../../arm-none-eabi/lib/thumb/v7-m/nofp\libc_nano.a
LOAD c:/st/stm32cubeide_1.12.1/stm32cubeide/plugins/com.st.stm32cube.ide.mcu.externaltools.gnu-tools-for-stm32.10.3-2021.10.win32_1.0.200.202301161003/tools/bin/../lib/gcc/arm-none-eabi/10.3.1/../../../../arm-none-eabi/lib/thumb/v7-m/nofp\libnosys.a
END GROUP
LOAD c:/st/stm32cubeide_1.12.1/stm32cubeide/plugins/com.st.stm32cube.ide.mcu.externaltools.gnu-tools-for-stm32.10.3-2021.10.win32_1.0.200.202301161003/tools/bin/../lib/gcc/arm-none-eabi/10.3.1/thumb/v7-m/nofp/crtend.o
LOAD c:/st/stm32cubeide_1.12.1/stm32cubeide/plugins/com.st.stm32cube.ide.mcu.externaltools.gnu-tools-for-stm32.10.3-2021.10.win32_1.0.200.202301161003/tools/bin/../lib/gcc/arm-none-eabi/10.3.1/thumb/v7-m/nofp/crtn.o
                0x0000000020005000                _estack = (ORIGIN (RAM) + LENGTH (RAM))
                0x0000000000000200                _Min_Heap_Size = 0x200
                0x0000000000000400                _Min_Stack_Size = 0x400

.isr_vector     0x0000000008000000      0x10c
                0x0000000008000000                . = ALIGN (0x4)
 *(.isr_vector)
 .isr_vector    0x0000000008000000      0x10c ./Core/Startup/startup_stm32f103c8tx.o
                0x0000000008000000                g_pfnVectors
                0x000000000800010c                . = ALIGN (0x4)

.text           0x0000000008000110     0x6878
                0x0000000008000110                . = ALIGN (0x4)
 *(.text)
 .text          0x0000000008000110       0x40 c:/st/stm32cubeide_1.12.1/stm32cubeide/plugins/com.st.stm32cube.ide.mcu.externaltools.gnu-tools-for-stm32.10.3-2021.10.win32_1.0.200.202301161003/tools/bin/../lib/gcc/arm-none-eabi/10.3.1/thumb/v7-m/nofp/crtbegin.o
 .text          0x0000000008000150       0x10 c:/st/stm32cubeide_1.12.1/stm32cubeide/plugins/com.st.stm32cube.ide.mcu.externaltools.gnu-tools-for-stm32.10.3-2021.10.win32_1.0.200.202301161003/tools/bin/../lib/gcc/arm-none-eabi/10.3.1/../../../../arm-none-eabi/lib/thumb/v7-m/nofp\libc_nano.a(lib_a-strlen.o)
                0x0000000008000150                strlen
 *(.text*)
 .text.USART1_IRQHandler
                0x0000000008000160       0x58 ./Core/Src/Lesson2_USART1_DMA1_ADC2.o
                0x0000000008000160                USART1_IRQHandler
 .text.main     0x00000000080001b8      0x130 ./Core/Src/main.o
                0x00000000080001b8                main
 .text.SystemClock_Config
                0x00000000080002e8       0xb6 ./Core/Src/main.o
                0x00000000080002e8                SystemClock_Config
 *fill*         0x000000000800039e        0x2 
 .text.MX_ADC1_Init
                0x00000000080003a0       0x7c ./Core/Src/main.o
 .text.MX_TIM2_Init
                0x000000000800041c       0xb4 ./Core/Src/main.o
 .text.MX_USART1_UART_Init
                0x00000000080004d0       0x54 ./Core/Src/main.o
 .text.MX_GPIO_Init
                0x0000000008000524       0xac ./Core/Src/main.o
 .text.StartDefaultTask
                0x00000000080005d0       0x10 ./Core/Src/main.o
                0x00000000080005d0                StartDefaultTask
 .text.StartLed1_Task
                0x00000000080005e0       0x1c ./Core/Src/main.o
                0x00000000080005e0                StartLed1_Task
 .text.StartLed2_Task
                0x00000000080005fc       0x4c ./Core/Src/main.o
                0x00000000080005fc                StartLed2_Task
 .text.StartReadBtn_Task
                0x0000000008000648       0x5c ./Core/Src/main.o
                0x0000000008000648                StartReadBtn_Task
 .text.StartLed3_Task
                0x00000000080006a4       0x38 ./Core/Src/main.o
                0x00000000080006a4                StartLed3_Task
 .text.StartADC_Task
                0x00000000080006dc       0xa8 ./Core/Src/main.o
                0x00000000080006dc                StartADC_Task
 .text.StartUART_Task
                0x0000000008000784       0x48 ./Core/Src/main.o
                0x0000000008000784                StartUART_Task
 .text.HAL_TIM_PeriodElapsedCallback
                0x00000000080007cc       0x24 ./Core/Src/main.o
                0x00000000080007cc                HAL_TIM_PeriodElapsedCallback
 .text.Error_Handler
                0x00000000080007f0        0xa ./Core/Src/main.o
                0x00000000080007f0                Error_Handler
 *fill*         0x00000000080007fa        0x2 
 .text.HAL_MspInit
                0x00000000080007fc       0x70 ./Core/Src/stm32f1xx_hal_msp.o
                0x00000000080007fc                HAL_MspInit
 .text.HAL_ADC_MspInit
                0x000000000800086c       0x78 ./Core/Src/stm32f1xx_hal_msp.o
                0x000000000800086c                HAL_ADC_MspInit
 .text.HAL_TIM_PWM_MspInit
                0x00000000080008e4       0x38 ./Core/Src/stm32f1xx_hal_msp.o
                0x00000000080008e4                HAL_TIM_PWM_MspInit
 .text.HAL_TIM_MspPostInit
                0x000000000800091c       0x8c ./Core/Src/stm32f1xx_hal_msp.o
                0x000000000800091c                HAL_TIM_MspPostInit
 .text.HAL_UART_MspInit
                0x00000000080009a8       0x98 ./Core/Src/stm32f1xx_hal_msp.o
                0x00000000080009a8                HAL_UART_MspInit
 .text.HAL_InitTick
                0x0000000008000a40       0xe4 ./Core/Src/stm32f1xx_hal_timebase_tim.o
                0x0000000008000a40                HAL_InitTick
 .text.NMI_Handler
                0x0000000008000b24        0x6 ./Core/Src/stm32f1xx_it.o
                0x0000000008000b24                NMI_Handler
 .text.HardFault_Handler
                0x0000000008000b2a        0x6 ./Core/Src/stm32f1xx_it.o
                0x0000000008000b2a                HardFault_Handler
 .text.MemManage_Handler
                0x0000000008000b30        0x6 ./Core/Src/stm32f1xx_it.o
                0x0000000008000b30                MemManage_Handler
 .text.BusFault_Handler
                0x0000000008000b36        0x6 ./Core/Src/stm32f1xx_it.o
                0x0000000008000b36                BusFault_Handler
 .text.UsageFault_Handler
                0x0000000008000b3c        0x6 ./Core/Src/stm32f1xx_it.o
                0x0000000008000b3c                UsageFault_Handler
 .text.DebugMon_Handler
                0x0000000008000b42        0xc ./Core/Src/stm32f1xx_it.o
                0x0000000008000b42                DebugMon_Handler
 *fill*         0x0000000008000b4e        0x2 
 .text.TIM1_UP_IRQHandler
                0x0000000008000b50       0x14 ./Core/Src/stm32f1xx_it.o
                0x0000000008000b50                TIM1_UP_IRQHandler
 .text.SystemInit
                0x0000000008000b64        0xc ./Core/Src/system_stm32f1xx.o
                0x0000000008000b64                SystemInit
 .text.Reset_Handler
                0x0000000008000b70       0x48 ./Core/Startup/startup_stm32f103c8tx.o
                0x0000000008000b70                Reset_Handler
 .text.Default_Handler
                0x0000000008000bb8        0x2 ./Core/Startup/startup_stm32f103c8tx.o
                0x0000000008000bb8                RTC_Alarm_IRQHandler
                0x0000000008000bb8                EXTI2_IRQHandler
                0x0000000008000bb8                TIM1_CC_IRQHandler
                0x0000000008000bb8                PVD_IRQHandler
                0x0000000008000bb8                EXTI3_IRQHandler
                0x0000000008000bb8                EXTI0_IRQHandler
                0x0000000008000bb8                I2C2_EV_IRQHandler
                0x0000000008000bb8                ADC1_2_IRQHandler
                0x0000000008000bb8                SPI1_IRQHandler
                0x0000000008000bb8                TAMPER_IRQHandler
                0x0000000008000bb8                DMA1_Channel4_IRQHandler
                0x0000000008000bb8                USART3_IRQHandler
                0x0000000008000bb8                RTC_IRQHandler
                0x0000000008000bb8                DMA1_Channel7_IRQHandler
                0x0000000008000bb8                CAN1_RX1_IRQHandler
                0x0000000008000bb8                TIM4_IRQHandler
                0x0000000008000bb8                I2C1_EV_IRQHandler
                0x0000000008000bb8                DMA1_Channel6_IRQHandler
                0x0000000008000bb8                TIM3_IRQHandler
                0x0000000008000bb8                RCC_IRQHandler
                0x0000000008000bb8                TIM1_TRG_COM_IRQHandler
                0x0000000008000bb8                DMA1_Channel1_IRQHandler
                0x0000000008000bb8                Default_Handler
                0x0000000008000bb8                EXTI15_10_IRQHandler
                0x0000000008000bb8                EXTI9_5_IRQHandler
                0x0000000008000bb8                SPI2_IRQHandler
                0x0000000008000bb8                DMA1_Channel5_IRQHandler
                0x0000000008000bb8                EXTI4_IRQHandler
                0x0000000008000bb8                USB_LP_CAN1_RX0_IRQHandler
                0x0000000008000bb8                USB_HP_CAN1_TX_IRQHandler
                0x0000000008000bb8                DMA1_Channel3_IRQHandler
                0x0000000008000bb8                WWDG_IRQHandler
                0x0000000008000bb8                TIM2_IRQHandler
                0x0000000008000bb8                TIM1_BRK_IRQHandler
                0x0000000008000bb8                EXTI1_IRQHandler
                0x0000000008000bb8                USART2_IRQHandler
                0x0000000008000bb8                I2C2_ER_IRQHandler
                0x0000000008000bb8                DMA1_Channel2_IRQHandler
                0x0000000008000bb8                CAN1_SCE_IRQHandler
                0x0000000008000bb8                FLASH_IRQHandler
                0x0000000008000bb8                I2C1_ER_IRQHandler
                0x0000000008000bb8                USBWakeUp_IRQHandler
 *fill*         0x0000000008000bba        0x2 
 .text.HAL_Init
                0x0000000008000bbc       0x2c ./Drivers/STM32F1xx_HAL_Driver/Src/stm32f1xx_hal.o
                0x0000000008000bbc                HAL_Init
 .text.HAL_IncTick
                0x0000000008000be8       0x24 ./Drivers/STM32F1xx_HAL_Driver/Src/stm32f1xx_hal.o
                0x0000000008000be8                HAL_IncTick
 .text.HAL_GetTick
                0x0000000008000c0c       0x14 ./Drivers/STM32F1xx_HAL_Driver/Src/stm32f1xx_hal.o
                0x0000000008000c0c                HAL_GetTick
 .text.HAL_ADC_Init
                0x0000000008000c20      0x1b0 ./Drivers/STM32F1xx_HAL_Driver/Src/stm32f1xx_hal_adc.o
                0x0000000008000c20                HAL_ADC_Init
 .text.HAL_ADC_Start
                0x0000000008000dd0      0x15c ./Drivers/STM32F1xx_HAL_Driver/Src/stm32f1xx_hal_adc.o
                0x0000000008000dd0                HAL_ADC_Start
 .text.HAL_ADC_GetValue
                0x0000000008000f2c       0x18 ./Drivers/STM32F1xx_HAL_Driver/Src/stm32f1xx_hal_adc.o
                0x0000000008000f2c                HAL_ADC_GetValue
 .text.HAL_ADC_ConfigChannel
                0x0000000008000f44      0x1f0 ./Drivers/STM32F1xx_HAL_Driver/Src/stm32f1xx_hal_adc.o
                0x0000000008000f44                HAL_ADC_ConfigChannel
 .text.ADC_Enable
                0x0000000008001134       0xb4 ./Drivers/STM32F1xx_HAL_Driver/Src/stm32f1xx_hal_adc.o
                0x0000000008001134                ADC_Enable
 .text.ADC_ConversionStop_Disable
                0x00000000080011e8       0x82 ./Drivers/STM32F1xx_HAL_Driver/Src/stm32f1xx_hal_adc.o
                0x00000000080011e8                ADC_ConversionStop_Disable
 *fill*         0x000000000800126a        0x2 
 .text.__NVIC_SetPriorityGrouping
                0x000000000800126c       0x48 ./Drivers/STM32F1xx_HAL_Driver/Src/stm32f1xx_hal_cortex.o
 .text.__NVIC_GetPriorityGrouping
                0x00000000080012b4       0x1c ./Drivers/STM32F1xx_HAL_Driver/Src/stm32f1xx_hal_cortex.o
 .text.__NVIC_EnableIRQ
                0x00000000080012d0       0x38 ./Drivers/STM32F1xx_HAL_Driver/Src/stm32f1xx_hal_cortex.o
 .text.__NVIC_SetPriority
                0x0000000008001308       0x54 ./Drivers/STM32F1xx_HAL_Driver/Src/stm32f1xx_hal_cortex.o
 .text.NVIC_EncodePriority
                0x000000000800135c       0x64 ./Drivers/STM32F1xx_HAL_Driver/Src/stm32f1xx_hal_cortex.o
 .text.HAL_NVIC_SetPriorityGrouping
                0x00000000080013c0       0x16 ./Drivers/STM32F1xx_HAL_Driver/Src/stm32f1xx_hal_cortex.o
                0x00000000080013c0                HAL_NVIC_SetPriorityGrouping
 .text.HAL_NVIC_SetPriority
                0x00000000080013d6       0x38 ./Drivers/STM32F1xx_HAL_Driver/Src/stm32f1xx_hal_cortex.o
                0x00000000080013d6                HAL_NVIC_SetPriority
 .text.HAL_NVIC_EnableIRQ
                0x000000000800140e       0x1c ./Drivers/STM32F1xx_HAL_Driver/Src/stm32f1xx_hal_cortex.o
                0x000000000800140e                HAL_NVIC_EnableIRQ
 *fill*         0x000000000800142a        0x2 
 .text.HAL_GPIO_Init
                0x000000000800142c      0x308 ./Drivers/STM32F1xx_HAL_Driver/Src/stm32f1xx_hal_gpio.o
                0x000000000800142c                HAL_GPIO_Init
 .text.HAL_GPIO_ReadPin
                0x0000000008001734       0x2e ./Drivers/STM32F1xx_HAL_Driver/Src/stm32f1xx_hal_gpio.o
                0x0000000008001734                HAL_GPIO_ReadPin
 .text.HAL_GPIO_WritePin
                0x0000000008001762       0x30 ./Drivers/STM32F1xx_HAL_Driver/Src/stm32f1xx_hal_gpio.o
                0x0000000008001762                HAL_GPIO_WritePin
 .text.HAL_GPIO_TogglePin
                0x0000000008001792       0x32 ./Drivers/STM32F1xx_HAL_Driver/Src/stm32f1xx_hal_gpio.o
                0x0000000008001792                HAL_GPIO_TogglePin
 .text.HAL_RCC_OscConfig
                0x00000000080017c4      0x504 ./Drivers/STM32F1xx_HAL_Driver/Src/stm32f1xx_hal_rcc.o
                0x00000000080017c4                HAL_RCC_OscConfig
 .text.HAL_RCC_ClockConfig
                0x0000000008001cc8      0x1d4 ./Drivers/STM32F1xx_HAL_Driver/Src/stm32f1xx_hal_rcc.o
                0x0000000008001cc8                HAL_RCC_ClockConfig
 .text.HAL_RCC_GetSysClockFreq
                0x0000000008001e9c       0xa8 ./Drivers/STM32F1xx_HAL_Driver/Src/stm32f1xx_hal_rcc.o
                0x0000000008001e9c                HAL_RCC_GetSysClockFreq
 .text.HAL_RCC_GetHCLKFreq
                0x0000000008001f44       0x14 ./Drivers/STM32F1xx_HAL_Driver/Src/stm32f1xx_hal_rcc.o
                0x0000000008001f44                HAL_RCC_GetHCLKFreq
 .text.HAL_RCC_GetPCLK1Freq
                0x0000000008001f58       0x28 ./Drivers/STM32F1xx_HAL_Driver/Src/stm32f1xx_hal_rcc.o
                0x0000000008001f58                HAL_RCC_GetPCLK1Freq
 .text.HAL_RCC_GetPCLK2Freq
                0x0000000008001f80       0x28 ./Drivers/STM32F1xx_HAL_Driver/Src/stm32f1xx_hal_rcc.o
                0x0000000008001f80                HAL_RCC_GetPCLK2Freq
 .text.HAL_RCC_GetClockConfig
                0x0000000008001fa8       0x60 ./Drivers/STM32F1xx_HAL_Driver/Src/stm32f1xx_hal_rcc.o
                0x0000000008001fa8                HAL_RCC_GetClockConfig
 .text.RCC_Delay
                0x0000000008002008       0x3c ./Drivers/STM32F1xx_HAL_Driver/Src/stm32f1xx_hal_rcc.o
 .text.HAL_RCCEx_PeriphCLKConfig
                0x0000000008002044      0x16c ./Drivers/STM32F1xx_HAL_Driver/Src/stm32f1xx_hal_rcc_ex.o
                0x0000000008002044                HAL_RCCEx_PeriphCLKConfig
 .text.HAL_TIM_Base_Init
                0x00000000080021b0       0x9e ./Drivers/STM32F1xx_HAL_Driver/Src/stm32f1xx_hal_tim.o
                0x00000000080021b0                HAL_TIM_Base_Init
 .text.HAL_TIM_Base_MspInit
                0x000000000800224e       0x12 ./Drivers/STM32F1xx_HAL_Driver/Src/stm32f1xx_hal_tim.o
                0x000000000800224e                HAL_TIM_Base_MspInit
 .text.HAL_TIM_Base_Start_IT
                0x0000000008002260       0xa4 ./Drivers/STM32F1xx_HAL_Driver/Src/stm32f1xx_hal_tim.o
                0x0000000008002260                HAL_TIM_Base_Start_IT
 .text.HAL_TIM_PWM_Init
                0x0000000008002304       0x9e ./Drivers/STM32F1xx_HAL_Driver/Src/stm32f1xx_hal_tim.o
                0x0000000008002304                HAL_TIM_PWM_Init
 *fill*         0x00000000080023a2        0x2 
 .text.HAL_TIM_PWM_Start
                0x00000000080023a4      0x144 ./Drivers/STM32F1xx_HAL_Driver/Src/stm32f1xx_hal_tim.o
                0x00000000080023a4                HAL_TIM_PWM_Start
 .text.HAL_TIM_IRQHandler
                0x00000000080024e8      0x210 ./Drivers/STM32F1xx_HAL_Driver/Src/stm32f1xx_hal_tim.o
                0x00000000080024e8                HAL_TIM_IRQHandler
 .text.HAL_TIM_PWM_ConfigChannel
                0x00000000080026f8      0x184 ./Drivers/STM32F1xx_HAL_Driver/Src/stm32f1xx_hal_tim.o
                0x00000000080026f8                HAL_TIM_PWM_ConfigChannel
 .text.HAL_TIM_OC_DelayElapsedCallback
                0x000000000800287c       0x12 ./Drivers/STM32F1xx_HAL_Driver/Src/stm32f1xx_hal_tim.o
                0x000000000800287c                HAL_TIM_OC_DelayElapsedCallback
 .text.HAL_TIM_IC_CaptureCallback
                0x000000000800288e       0x12 ./Drivers/STM32F1xx_HAL_Driver/Src/stm32f1xx_hal_tim.o
                0x000000000800288e                HAL_TIM_IC_CaptureCallback
 .text.HAL_TIM_PWM_PulseFinishedCallback
                0x00000000080028a0       0x12 ./Drivers/STM32F1xx_HAL_Driver/Src/stm32f1xx_hal_tim.o
                0x00000000080028a0                HAL_TIM_PWM_PulseFinishedCallback
 .text.HAL_TIM_TriggerCallback
                0x00000000080028b2       0x12 ./Drivers/STM32F1xx_HAL_Driver/Src/stm32f1xx_hal_tim.o
                0x00000000080028b2                HAL_TIM_TriggerCallback
 .text.TIM_Base_SetConfig
                0x00000000080028c4       0xc4 ./Drivers/STM32F1xx_HAL_Driver/Src/stm32f1xx_hal_tim.o
                0x00000000080028c4                TIM_Base_SetConfig
 .text.TIM_OC1_SetConfig
                0x0000000008002988       0xcc ./Drivers/STM32F1xx_HAL_Driver/Src/stm32f1xx_hal_tim.o
 .text.TIM_OC2_SetConfig
                0x0000000008002a54       0xd4 ./Drivers/STM32F1xx_HAL_Driver/Src/stm32f1xx_hal_tim.o
                0x0000000008002a54                TIM_OC2_SetConfig
 .text.TIM_OC3_SetConfig
                0x0000000008002b28       0xd4 ./Drivers/STM32F1xx_HAL_Driver/Src/stm32f1xx_hal_tim.o
 .text.TIM_OC4_SetConfig
                0x0000000008002bfc       0x9c ./Drivers/STM32F1xx_HAL_Driver/Src/stm32f1xx_hal_tim.o
 .text.TIM_CCxChannelCmd
                0x0000000008002c98       0x48 ./Drivers/STM32F1xx_HAL_Driver/Src/stm32f1xx_hal_tim.o
                0x0000000008002c98                TIM_CCxChannelCmd
 .text.HAL_TIMEx_MasterConfigSynchronization
                0x0000000008002ce0       0xbc ./Drivers/STM32F1xx_HAL_Driver/Src/stm32f1xx_hal_tim_ex.o
                0x0000000008002ce0                HAL_TIMEx_MasterConfigSynchronization
 .text.HAL_TIMEx_CommutCallback
                0x0000000008002d9c       0x12 ./Drivers/STM32F1xx_HAL_Driver/Src/stm32f1xx_hal_tim_ex.o
                0x0000000008002d9c                HAL_TIMEx_CommutCallback
 .text.HAL_TIMEx_BreakCallback
                0x0000000008002dae       0x12 ./Drivers/STM32F1xx_HAL_Driver/Src/stm32f1xx_hal_tim_ex.o
                0x0000000008002dae                HAL_TIMEx_BreakCallback
 .text.HAL_UART_Init
                0x0000000008002dc0       0xa0 ./Drivers/STM32F1xx_HAL_Driver/Src/stm32f1xx_hal_uart.o
                0x0000000008002dc0                HAL_UART_Init
 .text.HAL_UART_Transmit
                0x0000000008002e60      0x106 ./Drivers/STM32F1xx_HAL_Driver/Src/stm32f1xx_hal_uart.o
                0x0000000008002e60                HAL_UART_Transmit
 .text.UART_WaitOnFlagUntilTimeout
                0x0000000008002f66       0xdc ./Drivers/STM32F1xx_HAL_Driver/Src/stm32f1xx_hal_uart.o
 *fill*         0x0000000008003042        0x2 
 .text.UART_SetConfig
                0x0000000008003044      0x11c ./Drivers/STM32F1xx_HAL_Driver/Src/stm32f1xx_hal_uart.o
 .text.osKernelInitialize
                0x0000000008003160       0x64 ./Middlewares/Third_Party/FreeRTOS/Source/CMSIS_RTOS_V2/cmsis_os2.o
                0x0000000008003160                osKernelInitialize
 .text.osKernelStart
                0x00000000080031c4       0x68 ./Middlewares/Third_Party/FreeRTOS/Source/CMSIS_RTOS_V2/cmsis_os2.o
                0x00000000080031c4                osKernelStart
 .text.osThreadNew
                0x000000000800322c      0x154 ./Middlewares/Third_Party/FreeRTOS/Source/CMSIS_RTOS_V2/cmsis_os2.o
                0x000000000800322c                osThreadNew
 .text.osDelay  0x0000000008003380       0x5c ./Middlewares/Third_Party/FreeRTOS/Source/CMSIS_RTOS_V2/cmsis_os2.o
                0x0000000008003380                osDelay
 .text.osSemaphoreNew
                0x00000000080033dc      0x138 ./Middlewares/Third_Party/FreeRTOS/Source/CMSIS_RTOS_V2/cmsis_os2.o
                0x00000000080033dc                osSemaphoreNew
 .text.osSemaphoreAcquire
                0x0000000008003514       0xcc ./Middlewares/Third_Party/FreeRTOS/Source/CMSIS_RTOS_V2/cmsis_os2.o
                0x0000000008003514                osSemaphoreAcquire
 .text.osSemaphoreRelease
                0x00000000080035e0       0xb0 ./Middlewares/Third_Party/FreeRTOS/Source/CMSIS_RTOS_V2/cmsis_os2.o
                0x00000000080035e0                osSemaphoreRelease
 .text.osMessageQueueNew
                0x0000000008003690      0x10c ./Middlewares/Third_Party/FreeRTOS/Source/CMSIS_RTOS_V2/cmsis_os2.o
                0x0000000008003690                osMessageQueueNew
 .text.osMessageQueuePut
                0x000000000800379c       0xe8 ./Middlewares/Third_Party/FreeRTOS/Source/CMSIS_RTOS_V2/cmsis_os2.o
                0x000000000800379c                osMessageQueuePut
 .text.osMessageQueueGet
                0x0000000008003884       0xe4 ./Middlewares/Third_Party/FreeRTOS/Source/CMSIS_RTOS_V2/cmsis_os2.o
                0x0000000008003884                osMessageQueueGet
 .text.vApplicationGetIdleTaskMemory
                0x0000000008003968       0x30 ./Middlewares/Third_Party/FreeRTOS/Source/CMSIS_RTOS_V2/cmsis_os2.o
                0x0000000008003968                vApplicationGetIdleTaskMemory
 .text.vApplicationGetTimerTaskMemory
                0x0000000008003998       0x34 ./Middlewares/Third_Party/FreeRTOS/Source/CMSIS_RTOS_V2/cmsis_os2.o
                0x0000000008003998                vApplicationGetTimerTaskMemory
 .text.vListInitialise
                0x00000000080039cc       0x3e ./Middlewares/Third_Party/FreeRTOS/Source/list.o
                0x00000000080039cc                vListInitialise
 .text.vListInitialiseItem
                0x0000000008003a0a       0x18 ./Middlewares/Third_Party/FreeRTOS/Source/list.o
                0x0000000008003a0a                vListInitialiseItem
 .text.vListInsertEnd
                0x0000000008003a22       0x46 ./Middlewares/Third_Party/FreeRTOS/Source/list.o
                0x0000000008003a22                vListInsertEnd
 .text.vListInsert
                0x0000000008003a68       0x70 ./Middlewares/Third_Party/FreeRTOS/Source/list.o
                0x0000000008003a68                vListInsert
 .text.uxListRemove
                0x0000000008003ad8       0x52 ./Middlewares/Third_Party/FreeRTOS/Source/list.o
                0x0000000008003ad8                uxListRemove
 *fill*         0x0000000008003b2a        0x2 
 .text.xQueueGenericReset
                0x0000000008003b2c       0xd0 ./Middlewares/Third_Party/FreeRTOS/Source/queue.o
                0x0000000008003b2c                xQueueGenericReset
 .text.xQueueGenericCreateStatic
                0x0000000008003bfc       0xee ./Middlewares/Third_Party/FreeRTOS/Source/queue.o
                0x0000000008003bfc                xQueueGenericCreateStatic
 .text.xQueueGenericCreate
                0x0000000008003cea       0x7c ./Middlewares/Third_Party/FreeRTOS/Source/queue.o
                0x0000000008003cea                xQueueGenericCreate
 .text.prvInitialiseNewQueue
                0x0000000008003d66       0x46 ./Middlewares/Third_Party/FreeRTOS/Source/queue.o
 .text.xQueueCreateCountingSemaphoreStatic
                0x0000000008003dac       0x6e ./Middlewares/Third_Party/FreeRTOS/Source/queue.o
                0x0000000008003dac                xQueueCreateCountingSemaphoreStatic
 .text.xQueueCreateCountingSemaphore
                0x0000000008003e1a       0x66 ./Middlewares/Third_Party/FreeRTOS/Source/queue.o
                0x0000000008003e1a                xQueueCreateCountingSemaphore
 .text.xQueueGenericSend
                0x0000000008003e80      0x1fc ./Middlewares/Third_Party/FreeRTOS/Source/queue.o
                0x0000000008003e80                xQueueGenericSend
 .text.xQueueGenericSendFromISR
                0x000000000800407c      0x130 ./Middlewares/Third_Party/FreeRTOS/Source/queue.o
                0x000000000800407c                xQueueGenericSendFromISR
 .text.xQueueGiveFromISR
                0x00000000080041ac      0x11a ./Middlewares/Third_Party/FreeRTOS/Source/queue.o
                0x00000000080041ac                xQueueGiveFromISR
 *fill*         0x00000000080042c6        0x2 
 .text.xQueueReceive
                0x00000000080042c8      0x1c0 ./Middlewares/Third_Party/FreeRTOS/Source/queue.o
                0x00000000080042c8                xQueueReceive
 .text.xQueueSemaphoreTake
                0x0000000008004488      0x218 ./Middlewares/Third_Party/FreeRTOS/Source/queue.o
                0x0000000008004488                xQueueSemaphoreTake
 .text.xQueueReceiveFromISR
                0x00000000080046a0      0x100 ./Middlewares/Third_Party/FreeRTOS/Source/queue.o
                0x00000000080046a0                xQueueReceiveFromISR
 .text.vQueueDelete
                0x00000000080047a0       0x46 ./Middlewares/Third_Party/FreeRTOS/Source/queue.o
                0x00000000080047a0                vQueueDelete
 .text.prvGetDisinheritPriorityAfterTimeout
                0x00000000080047e6       0x2e ./Middlewares/Third_Party/FreeRTOS/Source/queue.o
 .text.prvCopyDataToQueue
                0x0000000008004814       0xd4 ./Middlewares/Third_Party/FreeRTOS/Source/queue.o
 .text.prvCopyDataFromQueue
                0x00000000080048e8       0x4c ./Middlewares/Third_Party/FreeRTOS/Source/queue.o
 .text.prvUnlockQueue
                0x0000000008004934       0xa4 ./Middlewares/Third_Party/FreeRTOS/Source/queue.o
 .text.prvIsQueueEmpty
                0x00000000080049d8       0x2c ./Middlewares/Third_Party/FreeRTOS/Source/queue.o
 .text.prvIsQueueFull
                0x0000000008004a04       0x30 ./Middlewares/Third_Party/FreeRTOS/Source/queue.o
 .text.vQueueAddToRegistry
                0x0000000008004a34       0x50 ./Middlewares/Third_Party/FreeRTOS/Source/queue.o
                0x0000000008004a34                vQueueAddToRegistry
 .text.vQueueUnregisterQueue
                0x0000000008004a84       0x54 ./Middlewares/Third_Party/FreeRTOS/Source/queue.o
                0x0000000008004a84                vQueueUnregisterQueue
 .text.vQueueWaitForMessageRestricted
                0x0000000008004ad8       0x68 ./Middlewares/Third_Party/FreeRTOS/Source/queue.o
                0x0000000008004ad8                vQueueWaitForMessageRestricted
 .text.xTaskCreateStatic
                0x0000000008004b40       0xb8 ./Middlewares/Third_Party/FreeRTOS/Source/tasks.o
                0x0000000008004b40                xTaskCreateStatic
 .text.xTaskCreate
                0x0000000008004bf8       0x8a ./Middlewares/Third_Party/FreeRTOS/Source/tasks.o
                0x0000000008004bf8                xTaskCreate
 .text.prvInitialiseNewTask
                0x0000000008004c82      0x10e ./Middlewares/Third_Party/FreeRTOS/Source/tasks.o
 .text.prvAddNewTaskToReadyList
                0x0000000008004d90       0xe0 ./Middlewares/Third_Party/FreeRTOS/Source/tasks.o
 .text.vTaskDelay
                0x0000000008004e70       0x68 ./Middlewares/Third_Party/FreeRTOS/Source/tasks.o
                0x0000000008004e70                vTaskDelay
 .text.vTaskStartScheduler
                0x0000000008004ed8       0xcc ./Middlewares/Third_Party/FreeRTOS/Source/tasks.o
                0x0000000008004ed8                vTaskStartScheduler
 .text.vTaskSuspendAll
                0x0000000008004fa4       0x1c ./Middlewares/Third_Party/FreeRTOS/Source/tasks.o
                0x0000000008004fa4                vTaskSuspendAll
 .text.xTaskResumeAll
                0x0000000008004fc0      0x13c ./Middlewares/Third_Party/FreeRTOS/Source/tasks.o
                0x0000000008004fc0                xTaskResumeAll
 .text.xTaskGetTickCount
                0x00000000080050fc       0x1c ./Middlewares/Third_Party/FreeRTOS/Source/tasks.o
                0x00000000080050fc                xTaskGetTickCount
 .text.xTaskIncrementTick
                0x0000000008005118      0x17c ./Middlewares/Third_Party/FreeRTOS/Source/tasks.o
                0x0000000008005118                xTaskIncrementTick
 .text.vTaskSwitchContext
                0x0000000008005294       0xb8 ./Middlewares/Third_Party/FreeRTOS/Source/tasks.o
                0x0000000008005294                vTaskSwitchContext
 .text.vTaskPlaceOnEventList
                0x000000000800534c       0x48 ./Middlewares/Third_Party/FreeRTOS/Source/tasks.o
                0x000000000800534c                vTaskPlaceOnEventList
 .text.vTaskPlaceOnEventListRestricted
                0x0000000008005394       0x58 ./Middlewares/Third_Party/FreeRTOS/Source/tasks.o
                0x0000000008005394                vTaskPlaceOnEventListRestricted
 .text.xTaskRemoveFromEventList
                0x00000000080053ec       0xc8 ./Middlewares/Third_Party/FreeRTOS/Source/tasks.o
                0x00000000080053ec                xTaskRemoveFromEventList
 .text.vTaskInternalSetTimeOutState
                0x00000000080054b4       0x2c ./Middlewares/Third_Party/FreeRTOS/Source/tasks.o
                0x00000000080054b4                vTaskInternalSetTimeOutState
 .text.xTaskCheckForTimeOut
                0x00000000080054e0       0xc4 ./Middlewares/Third_Party/FreeRTOS/Source/tasks.o
                0x00000000080054e0                xTaskCheckForTimeOut
 .text.vTaskMissedYield
                0x00000000080055a4       0x18 ./Middlewares/Third_Party/FreeRTOS/Source/tasks.o
                0x00000000080055a4                vTaskMissedYield
 .text.prvIdleTask
                0x00000000080055bc       0x30 ./Middlewares/Third_Party/FreeRTOS/Source/tasks.o
 .text.prvInitialiseTaskLists
                0x00000000080055ec       0x80 ./Middlewares/Third_Party/FreeRTOS/Source/tasks.o
 .text.prvCheckTasksWaitingTermination
                0x000000000800566c       0x5c ./Middlewares/Third_Party/FreeRTOS/Source/tasks.o
 .text.prvDeleteTCB
                0x00000000080056c8       0x5e ./Middlewares/Third_Party/FreeRTOS/Source/tasks.o
 *fill*         0x0000000008005726        0x2 
 .text.prvResetNextTaskUnblockTime
                0x0000000008005728       0x48 ./Middlewares/Third_Party/FreeRTOS/Source/tasks.o
 .text.xTaskGetSchedulerState
                0x0000000008005770       0x3c ./Middlewares/Third_Party/FreeRTOS/Source/tasks.o
                0x0000000008005770                xTaskGetSchedulerState
 .text.xTaskPriorityInherit
                0x00000000080057ac       0xdc ./Middlewares/Third_Party/FreeRTOS/Source/tasks.o
                0x00000000080057ac                xTaskPriorityInherit
 .text.xTaskPriorityDisinherit
                0x0000000008005888       0xdc ./Middlewares/Third_Party/FreeRTOS/Source/tasks.o
                0x0000000008005888                xTaskPriorityDisinherit
 .text.vTaskPriorityDisinheritAfterTimeout
                0x0000000008005964      0x10c ./Middlewares/Third_Party/FreeRTOS/Source/tasks.o
                0x0000000008005964                vTaskPriorityDisinheritAfterTimeout
 .text.pvTaskIncrementMutexHeldCount
                0x0000000008005a70       0x28 ./Middlewares/Third_Party/FreeRTOS/Source/tasks.o
                0x0000000008005a70                pvTaskIncrementMutexHeldCount
 .text.prvAddCurrentTaskToDelayedList
                0x0000000008005a98       0xa8 ./Middlewares/Third_Party/FreeRTOS/Source/tasks.o
 .text.xTimerCreateTimerTask
                0x0000000008005b40       0x90 ./Middlewares/Third_Party/FreeRTOS/Source/timers.o
                0x0000000008005b40                xTimerCreateTimerTask
 .text.xTimerGenericCommand
                0x0000000008005bd0       0x9c ./Middlewares/Third_Party/FreeRTOS/Source/timers.o
                0x0000000008005bd0                xTimerGenericCommand
 .text.prvProcessExpiredTimer
                0x0000000008005c6c       0x80 ./Middlewares/Third_Party/FreeRTOS/Source/timers.o
 .text.prvTimerTask
                0x0000000008005cec       0x24 ./Middlewares/Third_Party/FreeRTOS/Source/timers.o
 .text.prvProcessTimerOrBlockTask
                0x0000000008005d10       0x9c ./Middlewares/Third_Party/FreeRTOS/Source/timers.o
 .text.prvGetNextExpireTime
                0x0000000008005dac       0x48 ./Middlewares/Third_Party/FreeRTOS/Source/timers.o
 .text.prvSampleTimeNow
                0x0000000008005df4       0x40 ./Middlewares/Third_Party/FreeRTOS/Source/timers.o
 .text.prvInsertTimerInActiveList
                0x0000000008005e34       0x84 ./Middlewares/Third_Party/FreeRTOS/Source/timers.o
 .text.prvProcessReceivedCommands
                0x0000000008005eb8      0x168 ./Middlewares/Third_Party/FreeRTOS/Source/timers.o
 .text.prvSwitchTimerLists
                0x0000000008006020       0xc4 ./Middlewares/Third_Party/FreeRTOS/Source/timers.o
 .text.prvCheckForValidListAndQueue
                0x00000000080060e4       0x80 ./Middlewares/Third_Party/FreeRTOS/Source/timers.o
 .text.pxPortInitialiseStack
                0x0000000008006164       0x58 ./Middlewares/Third_Party/FreeRTOS/Source/portable/GCC/ARM_CM3/port.o
                0x0000000008006164                pxPortInitialiseStack
 .text.prvTaskExitError
                0x00000000080061bc       0x58 ./Middlewares/Third_Party/FreeRTOS/Source/portable/GCC/ARM_CM3/port.o
 *fill*         0x0000000008006214        0xc 
 .text.SVC_Handler
                0x0000000008006220       0x28 ./Middlewares/Third_Party/FreeRTOS/Source/portable/GCC/ARM_CM3/port.o
                0x0000000008006220                SVC_Handler
 .text.prvPortStartFirstTask
                0x0000000008006248       0x20 ./Middlewares/Third_Party/FreeRTOS/Source/portable/GCC/ARM_CM3/port.o
 .text.xPortStartScheduler
                0x0000000008006268       0xe4 ./Middlewares/Third_Party/FreeRTOS/Source/portable/GCC/ARM_CM3/port.o
                0x0000000008006268                xPortStartScheduler
 .text.vPortEnterCritical
                0x000000000800634c       0x60 ./Middlewares/Third_Party/FreeRTOS/Source/portable/GCC/ARM_CM3/port.o
                0x000000000800634c                vPortEnterCritical
 .text.vPortExitCritical
                0x00000000080063ac       0x50 ./Middlewares/Third_Party/FreeRTOS/Source/portable/GCC/ARM_CM3/port.o
                0x00000000080063ac                vPortExitCritical
 *fill*         0x00000000080063fc        0x4 
 .text.PendSV_Handler
                0x0000000008006400       0x48 ./Middlewares/Third_Party/FreeRTOS/Source/portable/GCC/ARM_CM3/port.o
                0x0000000008006400                PendSV_Handler
 .text.SysTick_Handler
                0x0000000008006448       0x44 ./Middlewares/Third_Party/FreeRTOS/Source/portable/GCC/ARM_CM3/port.o
                0x0000000008006448                SysTick_Handler
 .text.vPortSetupTimerInterrupt
                0x000000000800648c       0x44 ./Middlewares/Third_Party/FreeRTOS/Source/portable/GCC/ARM_CM3/port.o
                0x000000000800648c                vPortSetupTimerInterrupt
 .text.vPortValidateInterruptPriority
                0x00000000080064d0       0x7c ./Middlewares/Third_Party/FreeRTOS/Source/portable/GCC/ARM_CM3/port.o
                0x00000000080064d0                vPortValidateInterruptPriority
 .text.pvPortMalloc
                0x000000000800654c      0x188 ./Middlewares/Third_Party/FreeRTOS/Source/portable/MemMang/heap_4.o
                0x000000000800654c                pvPortMalloc
 .text.vPortFree
                0x00000000080066d4       0xb4 ./Middlewares/Third_Party/FreeRTOS/Source/portable/MemMang/heap_4.o
                0x00000000080066d4                vPortFree
 .text.prvHeapInit
                0x0000000008006788       0xc4 ./Middlewares/Third_Party/FreeRTOS/Source/portable/MemMang/heap_4.o
 .text.prvInsertBlockIntoFreeList
                0x000000000800684c       0xb0 ./Middlewares/Third_Party/FreeRTOS/Source/portable/MemMang/heap_4.o
 .text.__libc_init_array
                0x00000000080068fc       0x48 c:/st/stm32cubeide_1.12.1/stm32cubeide/plugins/com.st.stm32cube.ide.mcu.externaltools.gnu-tools-for-stm32.10.3-2021.10.win32_1.0.200.202301161003/tools/bin/../lib/gcc/arm-none-eabi/10.3.1/../../../../arm-none-eabi/lib/thumb/v7-m/nofp\libc_nano.a(lib_a-init.o)
                0x00000000080068fc                __libc_init_array
 .text.memcpy   0x0000000008006944       0x1c c:/st/stm32cubeide_1.12.1/stm32cubeide/plugins/com.st.stm32cube.ide.mcu.externaltools.gnu-tools-for-stm32.10.3-2021.10.win32_1.0.200.202301161003/tools/bin/../lib/gcc/arm-none-eabi/10.3.1/../../../../arm-none-eabi/lib/thumb/v7-m/nofp\libc_nano.a(lib_a-memcpy-stub.o)
                0x0000000008006944                memcpy
 .text.memset   0x0000000008006960       0x10 c:/st/stm32cubeide_1.12.1/stm32cubeide/plugins/com.st.stm32cube.ide.mcu.externaltools.gnu-tools-for-stm32.10.3-2021.10.win32_1.0.200.202301161003/tools/bin/../lib/gcc/arm-none-eabi/10.3.1/../../../../arm-none-eabi/lib/thumb/v7-m/nofp\libc_nano.a(lib_a-memset.o)
                0x0000000008006960                memset
 *(.glue_7)
 .glue_7        0x0000000008006970        0x0 linker stubs
 *(.glue_7t)
 .glue_7t       0x0000000008006970        0x0 linker stubs
 *(.eh_frame)
 .eh_frame      0x0000000008006970        0x0 c:/st/stm32cubeide_1.12.1/stm32cubeide/plugins/com.st.stm32cube.ide.mcu.externaltools.gnu-tools-for-stm32.10.3-2021.10.win32_1.0.200.202301161003/tools/bin/../lib/gcc/arm-none-eabi/10.3.1/thumb/v7-m/nofp/crtbegin.o
 *(.init)
 .init          0x0000000008006970        0x4 c:/st/stm32cubeide_1.12.1/stm32cubeide/plugins/com.st.stm32cube.ide.mcu.externaltools.gnu-tools-for-stm32.10.3-2021.10.win32_1.0.200.202301161003/tools/bin/../lib/gcc/arm-none-eabi/10.3.1/thumb/v7-m/nofp/crti.o
                0x0000000008006970                _init
 .init          0x0000000008006974        0x8 c:/st/stm32cubeide_1.12.1/stm32cubeide/plugins/com.st.stm32cube.ide.mcu.externaltools.gnu-tools-for-stm32.10.3-2021.10.win32_1.0.200.202301161003/tools/bin/../lib/gcc/arm-none-eabi/10.3.1/thumb/v7-m/nofp/crtn.o
 *(.fini)
 .fini          0x000000000800697c        0x4 c:/st/stm32cubeide_1.12.1/stm32cubeide/plugins/com.st.stm32cube.ide.mcu.externaltools.gnu-tools-for-stm32.10.3-2021.10.win32_1.0.200.202301161003/tools/bin/../lib/gcc/arm-none-eabi/10.3.1/thumb/v7-m/nofp/crti.o
                0x000000000800697c                _fini
 .fini          0x0000000008006980        0x8 c:/st/stm32cubeide_1.12.1/stm32cubeide/plugins/com.st.stm32cube.ide.mcu.externaltools.gnu-tools-for-stm32.10.3-2021.10.win32_1.0.200.202301161003/tools/bin/../lib/gcc/arm-none-eabi/10.3.1/thumb/v7-m/nofp/crtn.o
                0x0000000008006988                . = ALIGN (0x4)
                0x0000000008006988                _etext = .

.vfp11_veneer   0x0000000008006988        0x0
 .vfp11_veneer  0x0000000008006988        0x0 linker stubs

.v4_bx          0x0000000008006988        0x0
 .v4_bx         0x0000000008006988        0x0 linker stubs

.iplt           0x0000000008006988        0x0
 .iplt          0x0000000008006988        0x0 c:/st/stm32cubeide_1.12.1/stm32cubeide/plugins/com.st.stm32cube.ide.mcu.externaltools.gnu-tools-for-stm32.10.3-2021.10.win32_1.0.200.202301161003/tools/bin/../lib/gcc/arm-none-eabi/10.3.1/thumb/v7-m/nofp/crtbegin.o

.rodata         0x0000000008006988      0x22c
                0x0000000008006988                . = ALIGN (0x4)
 *(.rodata)
 .rodata        0x0000000008006988       0xc4 ./Core/Src/main.o
 .rodata        0x0000000008006a4c        0x5 ./Middlewares/Third_Party/FreeRTOS/Source/tasks.o
 *fill*         0x0000000008006a51        0x3 
 .rodata        0x0000000008006a54        0xd ./Middlewares/Third_Party/FreeRTOS/Source/timers.o
 *(.rodata*)
 *fill*         0x0000000008006a61        0x3 
 .rodata.defaultTask_attributes
                0x0000000008006a64       0x24 ./Core/Src/main.o
                0x0000000008006a64                defaultTask_attributes
 .rodata.Led1_Task_attributes
                0x0000000008006a88       0x24 ./Core/Src/main.o
                0x0000000008006a88                Led1_Task_attributes
 .rodata.Led2_Task_attributes
                0x0000000008006aac       0x24 ./Core/Src/main.o
                0x0000000008006aac                Led2_Task_attributes
 .rodata.ReadBtn_Task_attributes
                0x0000000008006ad0       0x24 ./Core/Src/main.o
                0x0000000008006ad0                ReadBtn_Task_attributes
 .rodata.Led3_Task_attributes
                0x0000000008006af4       0x24 ./Core/Src/main.o
                0x0000000008006af4                Led3_Task_attributes
 .rodata.ADC_Task_attributes
                0x0000000008006b18       0x24 ./Core/Src/main.o
                0x0000000008006b18                ADC_Task_attributes
 .rodata.UART_Task_attributes
                0x0000000008006b3c       0x24 ./Core/Src/main.o
                0x0000000008006b3c                UART_Task_attributes
 .rodata.Uart_Queue_attributes
                0x0000000008006b60       0x18 ./Core/Src/main.o
                0x0000000008006b60                Uart_Queue_attributes
 .rodata.BtnSem_attributes
                0x0000000008006b78       0x10 ./Core/Src/main.o
                0x0000000008006b78                BtnSem_attributes
 .rodata.AHBPrescTable
                0x0000000008006b88       0x10 ./Core/Src/system_stm32f1xx.o
                0x0000000008006b88                AHBPrescTable
 .rodata.APBPrescTable
                0x0000000008006b98        0x8 ./Core/Src/system_stm32f1xx.o
                0x0000000008006b98                APBPrescTable
 .rodata.aPLLMULFactorTable.1
                0x0000000008006ba0       0x10 ./Drivers/STM32F1xx_HAL_Driver/Src/stm32f1xx_hal_rcc.o
 .rodata.aPredivFactorTable.0
                0x0000000008006bb0        0x2 ./Drivers/STM32F1xx_HAL_Driver/Src/stm32f1xx_hal_rcc.o
                0x0000000008006bb4                . = ALIGN (0x4)
 *fill*         0x0000000008006bb2        0x2 

.rel.dyn        0x0000000008006bb4        0x0
 .rel.iplt      0x0000000008006bb4        0x0 c:/st/stm32cubeide_1.12.1/stm32cubeide/plugins/com.st.stm32cube.ide.mcu.externaltools.gnu-tools-for-stm32.10.3-2021.10.win32_1.0.200.202301161003/tools/bin/../lib/gcc/arm-none-eabi/10.3.1/thumb/v7-m/nofp/crtbegin.o

.ARM.extab      0x0000000008006bb4        0x0
                0x0000000008006bb4                . = ALIGN (0x4)
 *(.ARM.extab* .gnu.linkonce.armextab.*)
                0x0000000008006bb4                . = ALIGN (0x4)

.ARM            0x0000000008006bb4        0x0
                0x0000000008006bb4                . = ALIGN (0x4)
                0x0000000008006bb4                __exidx_start = .
 *(.ARM.exidx*)
                0x0000000008006bb4                __exidx_end = .
                0x0000000008006bb4                . = ALIGN (0x4)

.preinit_array  0x0000000008006bb4        0x0
                0x0000000008006bb4                . = ALIGN (0x4)
                0x0000000008006bb4                PROVIDE (__preinit_array_start = .)
 *(.preinit_array*)
                0x0000000008006bb4                PROVIDE (__preinit_array_end = .)
                0x0000000008006bb4                . = ALIGN (0x4)

.init_array     0x0000000008006bb4        0x4
                0x0000000008006bb4                . = ALIGN (0x4)
                0x0000000008006bb4                PROVIDE (__init_array_start = .)
 *(SORT_BY_NAME(.init_array.*))
 *(.init_array*)
 .init_array    0x0000000008006bb4        0x4 c:/st/stm32cubeide_1.12.1/stm32cubeide/plugins/com.st.stm32cube.ide.mcu.externaltools.gnu-tools-for-stm32.10.3-2021.10.win32_1.0.200.202301161003/tools/bin/../lib/gcc/arm-none-eabi/10.3.1/thumb/v7-m/nofp/crtbegin.o
                0x0000000008006bb8                PROVIDE (__init_array_end = .)
                0x0000000008006bb8                . = ALIGN (0x4)

.fini_array     0x0000000008006bb8        0x4
                0x0000000008006bb8                . = ALIGN (0x4)
                [!provide]                        PROVIDE (__fini_array_start = .)
 *(SORT_BY_NAME(.fini_array.*))
 *(.fini_array*)
 .fini_array    0x0000000008006bb8        0x4 c:/st/stm32cubeide_1.12.1/stm32cubeide/plugins/com.st.stm32cube.ide.mcu.externaltools.gnu-tools-for-stm32.10.3-2021.10.win32_1.0.200.202301161003/tools/bin/../lib/gcc/arm-none-eabi/10.3.1/thumb/v7-m/nofp/crtbegin.o
                [!provide]                        PROVIDE (__fini_array_end = .)
                0x0000000008006bbc                . = ALIGN (0x4)
                0x0000000008006bbc                _sidata = LOADADDR (.data)

.data           0x0000000020000000       0x10 load address 0x0000000008006bbc
                0x0000000020000000                . = ALIGN (0x4)
                0x0000000020000000                _sdata = .
 *(.data)
 *(.data*)
 .data.SystemCoreClock
                0x0000000020000000        0x4 ./Core/Src/system_stm32f1xx.o
                0x0000000020000000                SystemCoreClock
 .data.uwTickPrio
                0x0000000020000004        0x4 ./Drivers/STM32F1xx_HAL_Driver/Src/stm32f1xx_hal.o
                0x0000000020000004                uwTickPrio
 .data.uwTickFreq
                0x0000000020000008        0x1 ./Drivers/STM32F1xx_HAL_Driver/Src/stm32f1xx_hal.o
                0x0000000020000008                uwTickFreq
 *fill*         0x0000000020000009        0x3 
 .data.uxCriticalNesting
                0x000000002000000c        0x4 ./Middlewares/Third_Party/FreeRTOS/Source/portable/GCC/ARM_CM3/port.o
 *(.RamFunc)
 *(.RamFunc*)
                0x0000000020000010                . = ALIGN (0x4)
                0x0000000020000010                _edata = .

.igot.plt       0x0000000020000010        0x0 load address 0x0000000008006bcc
 .igot.plt      0x0000000020000010        0x0 c:/st/stm32cubeide_1.12.1/stm32cubeide/plugins/com.st.stm32cube.ide.mcu.externaltools.gnu-tools-for-stm32.10.3-2021.10.win32_1.0.200.202301161003/tools/bin/../lib/gcc/arm-none-eabi/10.3.1/thumb/v7-m/nofp/crtbegin.o
                0x0000000020000010                . = ALIGN (0x4)

.bss            0x0000000020000010     0x3120 load address 0x0000000008006bcc
                0x0000000020000010                _sbss = .
                0x0000000020000010                __bss_start__ = _sbss
 *(.bss)
 .bss           0x0000000020000010       0x1c c:/st/stm32cubeide_1.12.1/stm32cubeide/plugins/com.st.stm32cube.ide.mcu.externaltools.gnu-tools-for-stm32.10.3-2021.10.win32_1.0.200.202301161003/tools/bin/../lib/gcc/arm-none-eabi/10.3.1/thumb/v7-m/nofp/crtbegin.o
 *(.bss*)
 .bss.CommandReceived
                0x000000002000002c        0x1 ./Core/Src/Lesson2_USART1_DMA1_ADC2.o
                0x000000002000002c                CommandReceived
 *fill*         0x000000002000002d        0x3 
 .bss.RxBuffer  0x0000000020000030       0x64 ./Core/Src/Lesson2_USART1_DMA1_ADC2.o
                0x0000000020000030                RxBuffer
 .bss.hadc1     0x0000000020000094       0x30 ./Core/Src/main.o
                0x0000000020000094                hadc1
 .bss.htim2     0x00000000200000c4       0x48 ./Core/Src/main.o
                0x00000000200000c4                htim2
 .bss.huart1    0x000000002000010c       0x48 ./Core/Src/main.o
                0x000000002000010c                huart1
 .bss.defaultTaskHandle
                0x0000000020000154        0x4 ./Core/Src/main.o
                0x0000000020000154                defaultTaskHandle
 .bss.defaultTaskBuffer
                0x0000000020000158      0x200 ./Core/Src/main.o
                0x0000000020000158                defaultTaskBuffer
 .bss.defaultTaskControlBlock
                0x0000000020000358       0x5c ./Core/Src/main.o
                0x0000000020000358                defaultTaskControlBlock
 .bss.Led1_TaskHandle
                0x00000000200003b4        0x4 ./Core/Src/main.o
                0x00000000200003b4                Led1_TaskHandle
 .bss.Led1_TaskBuffer
                0x00000000200003b8      0x200 ./Core/Src/main.o
                0x00000000200003b8                Led1_TaskBuffer
 .bss.Led1_TaskControlBlock
                0x00000000200005b8       0x5c ./Core/Src/main.o
                0x00000000200005b8                Led1_TaskControlBlock
 .bss.Led2_TaskHandle
                0x0000000020000614        0x4 ./Core/Src/main.o
                0x0000000020000614                Led2_TaskHandle
 .bss.Led2_TaskBuffer
                0x0000000020000618      0x200 ./Core/Src/main.o
                0x0000000020000618                Led2_TaskBuffer
 .bss.Led2_TaskControlBlock
                0x0000000020000818       0x5c ./Core/Src/main.o
                0x0000000020000818                Led2_TaskControlBlock
 .bss.ReadBtn_TaskHandle
                0x0000000020000874        0x4 ./Core/Src/main.o
                0x0000000020000874                ReadBtn_TaskHandle
 .bss.ReadBtn_TaskBuffer
                0x0000000020000878      0x200 ./Core/Src/main.o
                0x0000000020000878                ReadBtn_TaskBuffer
 .bss.ReadBtn_TaskControlBlock
                0x0000000020000a78       0x5c ./Core/Src/main.o
                0x0000000020000a78                ReadBtn_TaskControlBlock
 .bss.Led3_TaskHandle
                0x0000000020000ad4        0x4 ./Core/Src/main.o
                0x0000000020000ad4                Led3_TaskHandle
 .bss.Led3_TaskBuffer
                0x0000000020000ad8      0x200 ./Core/Src/main.o
                0x0000000020000ad8                Led3_TaskBuffer
 .bss.Led3_TaskControlBlock
                0x0000000020000cd8       0x5c ./Core/Src/main.o
                0x0000000020000cd8                Led3_TaskControlBlock
 .bss.ADC_TaskHandle
                0x0000000020000d34        0x4 ./Core/Src/main.o
                0x0000000020000d34                ADC_TaskHandle
 .bss.ADC_TaskBuffer
                0x0000000020000d38      0x200 ./Core/Src/main.o
                0x0000000020000d38                ADC_TaskBuffer
 .bss.ADC_TaskControlBlock
                0x0000000020000f38       0x5c ./Core/Src/main.o
                0x0000000020000f38                ADC_TaskControlBlock
 .bss.UART_TaskHandle
                0x0000000020000f94        0x4 ./Core/Src/main.o
                0x0000000020000f94                UART_TaskHandle
 .bss.UART_TaskBuffer
                0x0000000020000f98      0x200 ./Core/Src/main.o
                0x0000000020000f98                UART_TaskBuffer
 .bss.UART_TaskControlBlock
                0x0000000020001198       0x5c ./Core/Src/main.o
                0x0000000020001198                UART_TaskControlBlock
 .bss.Uart_QueueHandle
                0x00000000200011f4        0x4 ./Core/Src/main.o
                0x00000000200011f4                Uart_QueueHandle
 .bss.Uart_QueueBuffer
                0x00000000200011f8      0x500 ./Core/Src/main.o
                0x00000000200011f8                Uart_QueueBuffer
 .bss.Uart_QueueControlBlock
                0x00000000200016f8       0x50 ./Core/Src/main.o
                0x00000000200016f8                Uart_QueueControlBlock
 .bss.BtnSemHandle
                0x0000000020001748        0x4 ./Core/Src/main.o
                0x0000000020001748                BtnSemHandle
 .bss.BtnSemControlBlock
                0x000000002000174c       0x50 ./Core/Src/main.o
                0x000000002000174c                BtnSemControlBlock
 .bss.htim1     0x000000002000179c       0x48 ./Core/Src/stm32f1xx_hal_timebase_tim.o
                0x000000002000179c                htim1
 .bss.uwTick    0x00000000200017e4        0x4 ./Drivers/STM32F1xx_HAL_Driver/Src/stm32f1xx_hal.o
                0x00000000200017e4                uwTick
 .bss.KernelState
                0x00000000200017e8        0x4 ./Middlewares/Third_Party/FreeRTOS/Source/CMSIS_RTOS_V2/cmsis_os2.o
 .bss.Idle_TCB  0x00000000200017ec       0x5c ./Middlewares/Third_Party/FreeRTOS/Source/CMSIS_RTOS_V2/cmsis_os2.o
 .bss.Idle_Stack
                0x0000000020001848      0x200 ./Middlewares/Third_Party/FreeRTOS/Source/CMSIS_RTOS_V2/cmsis_os2.o
 .bss.Timer_TCB
                0x0000000020001a48       0x5c ./Middlewares/Third_Party/FreeRTOS/Source/CMSIS_RTOS_V2/cmsis_os2.o
 .bss.Timer_Stack
                0x0000000020001aa4      0x400 ./Middlewares/Third_Party/FreeRTOS/Source/CMSIS_RTOS_V2/cmsis_os2.o
 .bss.xQueueRegistry
                0x0000000020001ea4       0x40 ./Middlewares/Third_Party/FreeRTOS/Source/queue.o
                0x0000000020001ea4                xQueueRegistry
 .bss.pxCurrentTCB
                0x0000000020001ee4        0x4 ./Middlewares/Third_Party/FreeRTOS/Source/tasks.o
                0x0000000020001ee4                pxCurrentTCB
 .bss.pxReadyTasksLists
                0x0000000020001ee8      0x460 ./Middlewares/Third_Party/FreeRTOS/Source/tasks.o
 .bss.xDelayedTaskList1
                0x0000000020002348       0x14 ./Middlewares/Third_Party/FreeRTOS/Source/tasks.o
 .bss.xDelayedTaskList2
                0x000000002000235c       0x14 ./Middlewares/Third_Party/FreeRTOS/Source/tasks.o
 .bss.pxDelayedTaskList
                0x0000000020002370        0x4 ./Middlewares/Third_Party/FreeRTOS/Source/tasks.o
 .bss.pxOverflowDelayedTaskList
                0x0000000020002374        0x4 ./Middlewares/Third_Party/FreeRTOS/Source/tasks.o
 .bss.xPendingReadyList
                0x0000000020002378       0x14 ./Middlewares/Third_Party/FreeRTOS/Source/tasks.o
 .bss.xTasksWaitingTermination
                0x000000002000238c       0x14 ./Middlewares/Third_Party/FreeRTOS/Source/tasks.o
 .bss.uxDeletedTasksWaitingCleanUp
                0x00000000200023a0        0x4 ./Middlewares/Third_Party/FreeRTOS/Source/tasks.o
 .bss.xSuspendedTaskList
                0x00000000200023a4       0x14 ./Middlewares/Third_Party/FreeRTOS/Source/tasks.o
 .bss.uxCurrentNumberOfTasks
                0x00000000200023b8        0x4 ./Middlewares/Third_Party/FreeRTOS/Source/tasks.o
 .bss.xTickCount
                0x00000000200023bc        0x4 ./Middlewares/Third_Party/FreeRTOS/Source/tasks.o
 .bss.uxTopReadyPriority
                0x00000000200023c0        0x4 ./Middlewares/Third_Party/FreeRTOS/Source/tasks.o
 .bss.xSchedulerRunning
                0x00000000200023c4        0x4 ./Middlewares/Third_Party/FreeRTOS/Source/tasks.o
 .bss.uxPendedTicks
                0x00000000200023c8        0x4 ./Middlewares/Third_Party/FreeRTOS/Source/tasks.o
 .bss.xYieldPending
                0x00000000200023cc        0x4 ./Middlewares/Third_Party/FreeRTOS/Source/tasks.o
 .bss.xNumOfOverflows
                0x00000000200023d0        0x4 ./Middlewares/Third_Party/FreeRTOS/Source/tasks.o
 .bss.uxTaskNumber
                0x00000000200023d4        0x4 ./Middlewares/Third_Party/FreeRTOS/Source/tasks.o
 .bss.xNextTaskUnblockTime
                0x00000000200023d8        0x4 ./Middlewares/Third_Party/FreeRTOS/Source/tasks.o
 .bss.xIdleTaskHandle
                0x00000000200023dc        0x4 ./Middlewares/Third_Party/FreeRTOS/Source/tasks.o
 .bss.uxSchedulerSuspended
                0x00000000200023e0        0x4 ./Middlewares/Third_Party/FreeRTOS/Source/tasks.o
 .bss.xActiveTimerList1
                0x00000000200023e4       0x14 ./Middlewares/Third_Party/FreeRTOS/Source/timers.o
 .bss.xActiveTimerList2
                0x00000000200023f8       0x14 ./Middlewares/Third_Party/FreeRTOS/Source/timers.o
 .bss.pxCurrentTimerList
                0x000000002000240c        0x4 ./Middlewares/Third_Party/FreeRTOS/Source/timers.o
 .bss.pxOverflowTimerList
                0x0000000020002410        0x4 ./Middlewares/Third_Party/FreeRTOS/Source/timers.o
 .bss.xTimerQueue
                0x0000000020002414        0x4 ./Middlewares/Third_Party/FreeRTOS/Source/timers.o
 .bss.xTimerTaskHandle
                0x0000000020002418        0x4 ./Middlewares/Third_Party/FreeRTOS/Source/timers.o
 .bss.xLastTime.2
                0x000000002000241c        0x4 ./Middlewares/Third_Party/FreeRTOS/Source/timers.o
 .bss.ucStaticTimerQueueStorage.1
                0x0000000020002420       0xa0 ./Middlewares/Third_Party/FreeRTOS/Source/timers.o
 .bss.xStaticTimerQueue.0
                0x00000000200024c0       0x50 ./Middlewares/Third_Party/FreeRTOS/Source/timers.o
 .bss.ucMaxSysCallPriority
                0x0000000020002510        0x1 ./Middlewares/Third_Party/FreeRTOS/Source/portable/GCC/ARM_CM3/port.o
 *fill*         0x0000000020002511        0x3 
 .bss.ulMaxPRIGROUPValue
                0x0000000020002514        0x4 ./Middlewares/Third_Party/FreeRTOS/Source/portable/GCC/ARM_CM3/port.o
 .bss.ucHeap    0x0000000020002518      0xc00 ./Middlewares/Third_Party/FreeRTOS/Source/portable/MemMang/heap_4.o
 .bss.xStart    0x0000000020003118        0x8 ./Middlewares/Third_Party/FreeRTOS/Source/portable/MemMang/heap_4.o
 .bss.pxEnd     0x0000000020003120        0x4 ./Middlewares/Third_Party/FreeRTOS/Source/portable/MemMang/heap_4.o
 .bss.xFreeBytesRemaining
                0x0000000020003124        0x4 ./Middlewares/Third_Party/FreeRTOS/Source/portable/MemMang/heap_4.o
 .bss.xMinimumEverFreeBytesRemaining
                0x0000000020003128        0x4 ./Middlewares/Third_Party/FreeRTOS/Source/portable/MemMang/heap_4.o
 .bss.xBlockAllocatedBit
                0x000000002000312c        0x4 ./Middlewares/Third_Party/FreeRTOS/Source/portable/MemMang/heap_4.o
 *(COMMON)
                0x0000000020003130                . = ALIGN (0x4)
                0x0000000020003130                _ebss = .
                0x0000000020003130                __bss_end__ = _ebss

._user_heap_stack
                0x0000000020003130      0x600 load address 0x0000000008006bcc
                0x0000000020003130                . = ALIGN (0x8)
                [!provide]                        PROVIDE (end = .)
                0x0000000020003130                PROVIDE (_end = .)
                0x0000000020003330                . = (. + _Min_Heap_Size)
 *fill*         0x0000000020003130      0x200 
                0x0000000020003730                . = (. + _Min_Stack_Size)
 *fill*         0x0000000020003330      0x400 
                0x0000000020003730                . = ALIGN (0x8)

/DISCARD/
 libc.a(*)
 libm.a(*)
 libgcc.a(*)

.ARM.attributes
                0x0000000000000000       0x29
 *(.ARM.attributes)
 .ARM.attributes
                0x0000000000000000       0x1d c:/st/stm32cubeide_1.12.1/stm32cubeide/plugins/com.st.stm32cube.ide.mcu.externaltools.gnu-tools-for-stm32.10.3-2021.10.win32_1.0.200.202301161003/tools/bin/../lib/gcc/arm-none-eabi/10.3.1/thumb/v7-m/nofp/crti.o
 .ARM.attributes
                0x000000000000001d       0x2d c:/st/stm32cubeide_1.12.1/stm32cubeide/plugins/com.st.stm32cube.ide.mcu.externaltools.gnu-tools-for-stm32.10.3-2021.10.win32_1.0.200.202301161003/tools/bin/../lib/gcc/arm-none-eabi/10.3.1/thumb/v7-m/nofp/crtbegin.o
 .ARM.attributes
                0x000000000000004a       0x2d ./Core/Src/Lesson2_USART1_DMA1_ADC2.o
 .ARM.attributes
                0x0000000000000077       0x2d ./Core/Src/main.o
 .ARM.attributes
                0x00000000000000a4       0x2d ./Core/Src/stm32f1xx_hal_msp.o
 .ARM.attributes
                0x00000000000000d1       0x2d ./Core/Src/stm32f1xx_hal_timebase_tim.o
 .ARM.attributes
                0x00000000000000fe       0x2d ./Core/Src/stm32f1xx_it.o
 .ARM.attributes
                0x000000000000012b       0x2d ./Core/Src/system_stm32f1xx.o
 .ARM.attributes
                0x0000000000000158       0x21 ./Core/Startup/startup_stm32f103c8tx.o
 .ARM.attributes
                0x0000000000000179       0x2d ./Drivers/STM32F1xx_HAL_Driver/Src/stm32f1xx_hal.o
 .ARM.attributes
                0x00000000000001a6       0x2d ./Drivers/STM32F1xx_HAL_Driver/Src/stm32f1xx_hal_adc.o
 .ARM.attributes
                0x00000000000001d3       0x2d ./Drivers/STM32F1xx_HAL_Driver/Src/stm32f1xx_hal_cortex.o
 .ARM.attributes
                0x0000000000000200       0x2d ./Drivers/STM32F1xx_HAL_Driver/Src/stm32f1xx_hal_gpio.o
 .ARM.attributes
                0x000000000000022d       0x2d ./Drivers/STM32F1xx_HAL_Driver/Src/stm32f1xx_hal_rcc.o
 .ARM.attributes
                0x000000000000025a       0x2d ./Drivers/STM32F1xx_HAL_Driver/Src/stm32f1xx_hal_rcc_ex.o
 .ARM.attributes
                0x0000000000000287       0x2d ./Drivers/STM32F1xx_HAL_Driver/Src/stm32f1xx_hal_tim.o
 .ARM.attributes
                0x00000000000002b4       0x2d ./Drivers/STM32F1xx_HAL_Driver/Src/stm32f1xx_hal_tim_ex.o
 .ARM.attributes
                0x00000000000002e1       0x2d ./Drivers/STM32F1xx_HAL_Driver/Src/stm32f1xx_hal_uart.o
 .ARM.attributes
                0x000000000000030e       0x2d ./Middlewares/Third_Party/FreeRTOS/Source/CMSIS_RTOS_V2/cmsis_os2.o
 .ARM.attributes
                0x000000000000033b       0x2d ./Middlewares/Third_Party/FreeRTOS/Source/list.o
 .ARM.attributes
                0x0000000000000368       0x2d ./Middlewares/Third_Party/FreeRTOS/Source/queue.o
 .ARM.attributes
                0x0000000000000395       0x2d ./Middlewares/Third_Party/FreeRTOS/Source/tasks.o
 .ARM.attributes
                0x00000000000003c2       0x2d ./Middlewares/Third_Party/FreeRTOS/Source/timers.o
 .ARM.attributes
                0x00000000000003ef       0x2d ./Middlewares/Third_Party/FreeRTOS/Source/portable/GCC/ARM_CM3/port.o
 .ARM.attributes
                0x000000000000041c       0x2d ./Middlewares/Third_Party/FreeRTOS/Source/portable/MemMang/heap_4.o
 .ARM.attributes
                0x0000000000000449       0x2d c:/st/stm32cubeide_1.12.1/stm32cubeide/plugins/com.st.stm32cube.ide.mcu.externaltools.gnu-tools-for-stm32.10.3-2021.10.win32_1.0.200.202301161003/tools/bin/../lib/gcc/arm-none-eabi/10.3.1/../../../../arm-none-eabi/lib/thumb/v7-m/nofp\libc_nano.a(lib_a-init.o)
 .ARM.attributes
                0x0000000000000476       0x2d c:/st/stm32cubeide_1.12.1/stm32cubeide/plugins/com.st.stm32cube.ide.mcu.externaltools.gnu-tools-for-stm32.10.3-2021.10.win32_1.0.200.202301161003/tools/bin/../lib/gcc/arm-none-eabi/10.3.1/../../../../arm-none-eabi/lib/thumb/v7-m/nofp\libc_nano.a(lib_a-memcpy-stub.o)
 .ARM.attributes
                0x00000000000004a3       0x2d c:/st/stm32cubeide_1.12.1/stm32cubeide/plugins/com.st.stm32cube.ide.mcu.externaltools.gnu-tools-for-stm32.10.3-2021.10.win32_1.0.200.202301161003/tools/bin/../lib/gcc/arm-none-eabi/10.3.1/../../../../arm-none-eabi/lib/thumb/v7-m/nofp\libc_nano.a(lib_a-memset.o)
 .ARM.attributes
                0x00000000000004d0       0x17 c:/st/stm32cubeide_1.12.1/stm32cubeide/plugins/com.st.stm32cube.ide.mcu.externaltools.gnu-tools-for-stm32.10.3-2021.10.win32_1.0.200.202301161003/tools/bin/../lib/gcc/arm-none-eabi/10.3.1/../../../../arm-none-eabi/lib/thumb/v7-m/nofp\libc_nano.a(lib_a-strlen.o)
 .ARM.attributes
                0x00000000000004e7       0x1d c:/st/stm32cubeide_1.12.1/stm32cubeide/plugins/com.st.stm32cube.ide.mcu.externaltools.gnu-tools-for-stm32.10.3-2021.10.win32_1.0.200.202301161003/tools/bin/../lib/gcc/arm-none-eabi/10.3.1/thumb/v7-m/nofp/crtn.o
OUTPUT(CubeIDE_Lesson1_FreeRTOS.elf elf32-littlearm)
LOAD linker stubs
LOAD c:/st/stm32cubeide_1.12.1/stm32cubeide/plugins/com.st.stm32cube.ide.mcu.externaltools.gnu-tools-for-stm32.10.3-2021.10.win32_1.0.200.202301161003/tools/bin/../lib/gcc/arm-none-eabi/10.3.1/../../../../arm-none-eabi/lib/thumb/v7-m/nofp\libc.a
LOAD c:/st/stm32cubeide_1.12.1/stm32cubeide/plugins/com.st.stm32cube.ide.mcu.externaltools.gnu-tools-for-stm32.10.3-2021.10.win32_1.0.200.202301161003/tools/bin/../lib/gcc/arm-none-eabi/10.3.1/../../../../arm-none-eabi/lib/thumb/v7-m/nofp\libm.a
LOAD c:/st/stm32cubeide_1.12.1/stm32cubeide/plugins/com.st.stm32cube.ide.mcu.externaltools.gnu-tools-for-stm32.10.3-2021.10.win32_1.0.200.202301161003/tools/bin/../lib/gcc/arm-none-eabi/10.3.1/thumb/v7-m/nofp\libgcc.a

.debug_info     0x0000000000000000    0x18ef5
 .debug_info    0x0000000000000000      0xda0 ./Core/Src/Lesson2_USART1_DMA1_ADC2.o
 .debug_info    0x0000000000000da0     0x1ea5 ./Core/Src/main.o
 .debug_info    0x0000000000002c45     0x10ac ./Core/Src/stm32f1xx_hal_msp.o
 .debug_info    0x0000000000003cf1      0x9ee ./Core/Src/stm32f1xx_hal_timebase_tim.o
 .debug_info    0x00000000000046df      0x6b0 ./Core/Src/stm32f1xx_it.o
 .debug_info    0x0000000000004d8f      0x23d ./Core/Src/system_stm32f1xx.o
 .debug_info    0x0000000000004fcc       0x22 ./Core/Startup/startup_stm32f103c8tx.o
 .debug_info    0x0000000000004fee      0x734 ./Drivers/STM32F1xx_HAL_Driver/Src/stm32f1xx_hal.o
 .debug_info    0x0000000000005722      0xcfe ./Drivers/STM32F1xx_HAL_Driver/Src/stm32f1xx_hal_adc.o
 .debug_info    0x0000000000006420      0xb20 ./Drivers/STM32F1xx_HAL_Driver/Src/stm32f1xx_hal_cortex.o
 .debug_info    0x0000000000006f40      0x615 ./Drivers/STM32F1xx_HAL_Driver/Src/stm32f1xx_hal_gpio.o
 .debug_info    0x0000000000007555      0x865 ./Drivers/STM32F1xx_HAL_Driver/Src/stm32f1xx_hal_rcc.o
 .debug_info    0x0000000000007dba      0x3e6 ./Drivers/STM32F1xx_HAL_Driver/Src/stm32f1xx_hal_rcc_ex.o
 .debug_info    0x00000000000081a0     0x2bab ./Drivers/STM32F1xx_HAL_Driver/Src/stm32f1xx_hal_tim.o
 .debug_info    0x000000000000ad4b     0x15c7 ./Drivers/STM32F1xx_HAL_Driver/Src/stm32f1xx_hal_tim_ex.o
 .debug_info    0x000000000000c312     0x31b2 ./Drivers/STM32F1xx_HAL_Driver/Src/stm32f1xx_hal_uart.o
 .debug_info    0x000000000000f4c4     0x3bef ./Middlewares/Third_Party/FreeRTOS/Source/CMSIS_RTOS_V2/cmsis_os2.o
 .debug_info    0x00000000000130b3      0x2cb ./Middlewares/Third_Party/FreeRTOS/Source/list.o
 .debug_info    0x000000000001337e     0x1bf9 ./Middlewares/Third_Party/FreeRTOS/Source/queue.o
 .debug_info    0x0000000000014f77     0x224a ./Middlewares/Third_Party/FreeRTOS/Source/tasks.o
 .debug_info    0x00000000000171c1     0x1495 ./Middlewares/Third_Party/FreeRTOS/Source/timers.o
 .debug_info    0x0000000000018656      0x4b7 ./Middlewares/Third_Party/FreeRTOS/Source/portable/GCC/ARM_CM3/port.o
 .debug_info    0x0000000000018b0d      0x3e8 ./Middlewares/Third_Party/FreeRTOS/Source/portable/MemMang/heap_4.o

.debug_abbrev   0x0000000000000000     0x34f6
 .debug_abbrev  0x0000000000000000      0x2f8 ./Core/Src/Lesson2_USART1_DMA1_ADC2.o
 .debug_abbrev  0x00000000000002f8      0x2e9 ./Core/Src/main.o
 .debug_abbrev  0x00000000000005e1      0x215 ./Core/Src/stm32f1xx_hal_msp.o
 .debug_abbrev  0x00000000000007f6      0x1e6 ./Core/Src/stm32f1xx_hal_timebase_tim.o
 .debug_abbrev  0x00000000000009dc      0x171 ./Core/Src/stm32f1xx_it.o
 .debug_abbrev  0x0000000000000b4d      0x13b ./Core/Src/system_stm32f1xx.o
 .debug_abbrev  0x0000000000000c88       0x12 ./Core/Startup/startup_stm32f103c8tx.o
 .debug_abbrev  0x0000000000000c9a      0x1fb ./Drivers/STM32F1xx_HAL_Driver/Src/stm32f1xx_hal.o
 .debug_abbrev  0x0000000000000e95      0x210 ./Drivers/STM32F1xx_HAL_Driver/Src/stm32f1xx_hal_adc.o
 .debug_abbrev  0x00000000000010a5      0x2ed ./Drivers/STM32F1xx_HAL_Driver/Src/stm32f1xx_hal_cortex.o
 .debug_abbrev  0x0000000000001392      0x1bb ./Drivers/STM32F1xx_HAL_Driver/Src/stm32f1xx_hal_gpio.o
 .debug_abbrev  0x000000000000154d      0x2a8 ./Drivers/STM32F1xx_HAL_Driver/Src/stm32f1xx_hal_rcc.o
 .debug_abbrev  0x00000000000017f5      0x182 ./Drivers/STM32F1xx_HAL_Driver/Src/stm32f1xx_hal_rcc_ex.o
 .debug_abbrev  0x0000000000001977      0x264 ./Drivers/STM32F1xx_HAL_Driver/Src/stm32f1xx_hal_tim.o
 .debug_abbrev  0x0000000000001bdb      0x26c ./Drivers/STM32F1xx_HAL_Driver/Src/stm32f1xx_hal_tim_ex.o
 .debug_abbrev  0x0000000000001e47      0x2df ./Drivers/STM32F1xx_HAL_Driver/Src/stm32f1xx_hal_uart.o
 .debug_abbrev  0x0000000000002126      0x414 ./Middlewares/Third_Party/FreeRTOS/Source/CMSIS_RTOS_V2/cmsis_os2.o
 .debug_abbrev  0x000000000000253a       0xf2 ./Middlewares/Third_Party/FreeRTOS/Source/list.o
 .debug_abbrev  0x000000000000262c      0x3ba ./Middlewares/Third_Party/FreeRTOS/Source/queue.o
 .debug_abbrev  0x00000000000029e6      0x37d ./Middlewares/Third_Party/FreeRTOS/Source/tasks.o
 .debug_abbrev  0x0000000000002d63      0x33d ./Middlewares/Third_Party/FreeRTOS/Source/timers.o
 .debug_abbrev  0x00000000000030a0      0x257 ./Middlewares/Third_Party/FreeRTOS/Source/portable/GCC/ARM_CM3/port.o
 .debug_abbrev  0x00000000000032f7      0x1ff ./Middlewares/Third_Party/FreeRTOS/Source/portable/MemMang/heap_4.o

.debug_aranges  0x0000000000000000     0x14a8
 .debug_aranges
                0x0000000000000000       0x68 ./Core/Src/Lesson2_USART1_DMA1_ADC2.o
 .debug_aranges
                0x0000000000000068       0x90 ./Core/Src/main.o
 .debug_aranges
                0x00000000000000f8       0x58 ./Core/Src/stm32f1xx_hal_msp.o
 .debug_aranges
                0x0000000000000150       0x30 ./Core/Src/stm32f1xx_hal_timebase_tim.o
 .debug_aranges
                0x0000000000000180       0x50 ./Core/Src/stm32f1xx_it.o
 .debug_aranges
                0x00000000000001d0       0x28 ./Core/Src/system_stm32f1xx.o
 .debug_aranges
                0x00000000000001f8       0x28 ./Core/Startup/startup_stm32f103c8tx.o
 .debug_aranges
                0x0000000000000220       0xe0 ./Drivers/STM32F1xx_HAL_Driver/Src/stm32f1xx_hal.o
 .debug_aranges
                0x0000000000000300       0xf0 ./Drivers/STM32F1xx_HAL_Driver/Src/stm32f1xx_hal_adc.o
 .debug_aranges
                0x00000000000003f0      0x100 ./Drivers/STM32F1xx_HAL_Driver/Src/stm32f1xx_hal_cortex.o
 .debug_aranges
                0x00000000000004f0       0x58 ./Drivers/STM32F1xx_HAL_Driver/Src/stm32f1xx_hal_gpio.o
 .debug_aranges
                0x0000000000000548       0x90 ./Drivers/STM32F1xx_HAL_Driver/Src/stm32f1xx_hal_rcc.o
 .debug_aranges
                0x00000000000005d8       0x30 ./Drivers/STM32F1xx_HAL_Driver/Src/stm32f1xx_hal_rcc_ex.o
 .debug_aranges
                0x0000000000000608      0x3d0 ./Drivers/STM32F1xx_HAL_Driver/Src/stm32f1xx_hal_tim.o
 .debug_aranges
                0x00000000000009d8      0x168 ./Drivers/STM32F1xx_HAL_Driver/Src/stm32f1xx_hal_tim_ex.o
 .debug_aranges
                0x0000000000000b40      0x208 ./Drivers/STM32F1xx_HAL_Driver/Src/stm32f1xx_hal_uart.o
 .debug_aranges
                0x0000000000000d48      0x228 ./Middlewares/Third_Party/FreeRTOS/Source/CMSIS_RTOS_V2/cmsis_os2.o
 .debug_aranges
                0x0000000000000f70       0x40 ./Middlewares/Third_Party/FreeRTOS/Source/list.o
 .debug_aranges
                0x0000000000000fb0      0x158 ./Middlewares/Third_Party/FreeRTOS/Source/queue.o
 .debug_aranges
                0x0000000000001108      0x1f8 ./Middlewares/Third_Party/FreeRTOS/Source/tasks.o
 .debug_aranges
                0x0000000000001300       0xe0 ./Middlewares/Third_Party/FreeRTOS/Source/timers.o
 .debug_aranges
                0x00000000000013e0       0x78 ./Middlewares/Third_Party/FreeRTOS/Source/portable/GCC/ARM_CM3/port.o
 .debug_aranges
                0x0000000000001458       0x50 ./Middlewares/Third_Party/FreeRTOS/Source/portable/MemMang/heap_4.o

.debug_ranges   0x0000000000000000     0x1370
 .debug_ranges  0x0000000000000000       0x58 ./Core/Src/Lesson2_USART1_DMA1_ADC2.o
 .debug_ranges  0x0000000000000058       0x80 ./Core/Src/main.o
 .debug_ranges  0x00000000000000d8       0x48 ./Core/Src/stm32f1xx_hal_msp.o
 .debug_ranges  0x0000000000000120       0x20 ./Core/Src/stm32f1xx_hal_timebase_tim.o
 .debug_ranges  0x0000000000000140       0x40 ./Core/Src/stm32f1xx_it.o
 .debug_ranges  0x0000000000000180       0x18 ./Core/Src/system_stm32f1xx.o
 .debug_ranges  0x0000000000000198       0x20 ./Core/Startup/startup_stm32f103c8tx.o
 .debug_ranges  0x00000000000001b8       0xd0 ./Drivers/STM32F1xx_HAL_Driver/Src/stm32f1xx_hal.o
 .debug_ranges  0x0000000000000288       0xe0 ./Drivers/STM32F1xx_HAL_Driver/Src/stm32f1xx_hal_adc.o
 .debug_ranges  0x0000000000000368       0xf0 ./Drivers/STM32F1xx_HAL_Driver/Src/stm32f1xx_hal_cortex.o
 .debug_ranges  0x0000000000000458       0x48 ./Drivers/STM32F1xx_HAL_Driver/Src/stm32f1xx_hal_gpio.o
 .debug_ranges  0x00000000000004a0       0x80 ./Drivers/STM32F1xx_HAL_Driver/Src/stm32f1xx_hal_rcc.o
 .debug_ranges  0x0000000000000520       0x20 ./Drivers/STM32F1xx_HAL_Driver/Src/stm32f1xx_hal_rcc_ex.o
 .debug_ranges  0x0000000000000540      0x3c0 ./Drivers/STM32F1xx_HAL_Driver/Src/stm32f1xx_hal_tim.o
 .debug_ranges  0x0000000000000900      0x158 ./Drivers/STM32F1xx_HAL_Driver/Src/stm32f1xx_hal_tim_ex.o
 .debug_ranges  0x0000000000000a58      0x228 ./Drivers/STM32F1xx_HAL_Driver/Src/stm32f1xx_hal_uart.o
 .debug_ranges  0x0000000000000c80      0x218 ./Middlewares/Third_Party/FreeRTOS/Source/CMSIS_RTOS_V2/cmsis_os2.o
 .debug_ranges  0x0000000000000e98       0x30 ./Middlewares/Third_Party/FreeRTOS/Source/list.o
 .debug_ranges  0x0000000000000ec8      0x148 ./Middlewares/Third_Party/FreeRTOS/Source/queue.o
 .debug_ranges  0x0000000000001010      0x1e8 ./Middlewares/Third_Party/FreeRTOS/Source/tasks.o
 .debug_ranges  0x00000000000011f8       0xd0 ./Middlewares/Third_Party/FreeRTOS/Source/timers.o
 .debug_ranges  0x00000000000012c8       0x68 ./Middlewares/Third_Party/FreeRTOS/Source/portable/GCC/ARM_CM3/port.o
 .debug_ranges  0x0000000000001330       0x40 ./Middlewares/Third_Party/FreeRTOS/Source/portable/MemMang/heap_4.o

.debug_macro    0x0000000000000000     0x3b26
 .debug_macro   0x0000000000000000      0x329 ./Core/Src/Lesson2_USART1_DMA1_ADC2.o
 .debug_macro   0x0000000000000329       0x22 ./Core/Src/Lesson2_USART1_DMA1_ADC2.o
 .debug_macro   0x000000000000034b       0x52 ./Core/Src/Lesson2_USART1_DMA1_ADC2.o
 .debug_macro   0x000000000000039d       0x18 ./Core/Src/Lesson2_USART1_DMA1_ADC2.o
 .debug_macro   0x00000000000003b5       0x3c ./Core/Src/Lesson2_USART1_DMA1_ADC2.o
 .debug_macro   0x00000000000003f1       0x34 ./Core/Src/Lesson2_USART1_DMA1_ADC2.o
 .debug_macro   0x0000000000000425       0x16 ./Core/Src/Lesson2_USART1_DMA1_ADC2.o
 .debug_macro   0x000000000000043b       0x35 ./Core/Src/Lesson2_USART1_DMA1_ADC2.o
 .debug_macro   0x0000000000000470      0x341 ./Core/Src/Lesson2_USART1_DMA1_ADC2.o
 .debug_macro   0x00000000000007b1       0x10 ./Core/Src/Lesson2_USART1_DMA1_ADC2.o
 .debug_macro   0x00000000000007c1       0x16 ./Core/Src/Lesson2_USART1_DMA1_ADC2.o
 .debug_macro   0x00000000000007d7       0x43 ./Core/Src/Lesson2_USART1_DMA1_ADC2.o
 .debug_macro   0x000000000000081a       0x34 ./Core/Src/Lesson2_USART1_DMA1_ADC2.o
 .debug_macro   0x000000000000084e       0x10 ./Core/Src/Lesson2_USART1_DMA1_ADC2.o
 .debug_macro   0x000000000000085e       0x58 ./Core/Src/Lesson2_USART1_DMA1_ADC2.o
 .debug_macro   0x00000000000008b6       0x71 ./Core/Src/Lesson2_USART1_DMA1_ADC2.o
 .debug_macro   0x0000000000000927       0x1c ./Core/Src/Lesson2_USART1_DMA1_ADC2.o
 .debug_macro   0x0000000000000943      0x12a ./Core/Src/Lesson2_USART1_DMA1_ADC2.o
 .debug_macro   0x0000000000000a6d       0x10 ./Core/Src/Lesson2_USART1_DMA1_ADC2.o
 .debug_macro   0x0000000000000a7d       0x1c ./Core/Src/Lesson2_USART1_DMA1_ADC2.o
 .debug_macro   0x0000000000000a99       0x52 ./Core/Src/Lesson2_USART1_DMA1_ADC2.o
 .debug_macro   0x0000000000000aeb       0x22 ./Core/Src/Lesson2_USART1_DMA1_ADC2.o
 .debug_macro   0x0000000000000b0d       0x10 ./Core/Src/Lesson2_USART1_DMA1_ADC2.o
 .debug_macro   0x0000000000000b1d       0x52 ./Core/Src/Lesson2_USART1_DMA1_ADC2.o
 .debug_macro   0x0000000000000b6f       0xd5 ./Core/Src/Lesson2_USART1_DMA1_ADC2.o
 .debug_macro   0x0000000000000c44       0x1c ./Core/Src/Lesson2_USART1_DMA1_ADC2.o
 .debug_macro   0x0000000000000c60       0x3d ./Core/Src/Lesson2_USART1_DMA1_ADC2.o
 .debug_macro   0x0000000000000c9d       0x16 ./Core/Src/Lesson2_USART1_DMA1_ADC2.o
 .debug_macro   0x0000000000000cb3      0x145 ./Core/Src/Lesson2_USART1_DMA1_ADC2.o
 .debug_macro   0x0000000000000df8      0x307 ./Core/Src/main.o
 .debug_macro   0x00000000000010ff       0x5b ./Core/Src/main.o
 .debug_macro   0x000000000000115a       0x74 ./Core/Src/main.o
 .debug_macro   0x00000000000011ce      0x122 ./Core/Src/main.o
 .debug_macro   0x00000000000012f0       0xdd ./Core/Src/main.o
 .debug_macro   0x00000000000013cd       0x10 ./Core/Src/main.o
 .debug_macro   0x00000000000013dd       0x20 ./Core/Src/main.o
 .debug_macro   0x00000000000013fd      0x1c6 ./Core/Src/stm32f1xx_hal_msp.o
 .debug_macro   0x00000000000015c3      0x1b7 ./Core/Src/stm32f1xx_hal_timebase_tim.o
 .debug_macro   0x000000000000177a      0x1d0 ./Core/Src/stm32f1xx_it.o
 .debug_macro   0x000000000000194a      0x1b7 ./Core/Src/system_stm32f1xx.o
 .debug_macro   0x0000000000001b01      0x1db ./Drivers/STM32F1xx_HAL_Driver/Src/stm32f1xx_hal.o
 .debug_macro   0x0000000000001cdc      0x1d4 ./Drivers/STM32F1xx_HAL_Driver/Src/stm32f1xx_hal_adc.o
 .debug_macro   0x0000000000001eb0      0x1b7 ./Drivers/STM32F1xx_HAL_Driver/Src/stm32f1xx_hal_cortex.o
 .debug_macro   0x0000000000002067      0x222 ./Drivers/STM32F1xx_HAL_Driver/Src/stm32f1xx_hal_gpio.o
 .debug_macro   0x0000000000002289      0x1c9 ./Drivers/STM32F1xx_HAL_Driver/Src/stm32f1xx_hal_rcc.o
 .debug_macro   0x0000000000002452      0x1b7 ./Drivers/STM32F1xx_HAL_Driver/Src/stm32f1xx_hal_rcc_ex.o
 .debug_macro   0x0000000000002609      0x1b8 ./Drivers/STM32F1xx_HAL_Driver/Src/stm32f1xx_hal_tim.o
 .debug_macro   0x00000000000027c1      0x1b7 ./Drivers/STM32F1xx_HAL_Driver/Src/stm32f1xx_hal_tim_ex.o
 .debug_macro   0x0000000000002978      0x1b8 ./Drivers/STM32F1xx_HAL_Driver/Src/stm32f1xx_hal_uart.o
 .debug_macro   0x0000000000002b30      0x247 ./Middlewares/Third_Party/FreeRTOS/Source/CMSIS_RTOS_V2/cmsis_os2.o
 .debug_macro   0x0000000000002d77       0x10 ./Middlewares/Third_Party/FreeRTOS/Source/CMSIS_RTOS_V2/cmsis_os2.o
 .debug_macro   0x0000000000002d87       0xb7 ./Middlewares/Third_Party/FreeRTOS/Source/CMSIS_RTOS_V2/cmsis_os2.o
 .debug_macro   0x0000000000002e3e       0x91 ./Middlewares/Third_Party/FreeRTOS/Source/CMSIS_RTOS_V2/cmsis_os2.o
 .debug_macro   0x0000000000002ecf       0x8d ./Middlewares/Third_Party/FreeRTOS/Source/CMSIS_RTOS_V2/cmsis_os2.o
 .debug_macro   0x0000000000002f5c       0x9a ./Middlewares/Third_Party/FreeRTOS/Source/CMSIS_RTOS_V2/cmsis_os2.o
 .debug_macro   0x0000000000002ff6      0x187 ./Middlewares/Third_Party/FreeRTOS/Source/list.o
 .debug_macro   0x000000000000317d      0x212 ./Middlewares/Third_Party/FreeRTOS/Source/queue.o
 .debug_macro   0x000000000000338f       0x16 ./Middlewares/Third_Party/FreeRTOS/Source/queue.o
 .debug_macro   0x00000000000033a5      0x287 ./Middlewares/Third_Party/FreeRTOS/Source/tasks.o
 .debug_macro   0x000000000000362c       0x10 ./Middlewares/Third_Party/FreeRTOS/Source/tasks.o
 .debug_macro   0x000000000000363c      0x1ca ./Middlewares/Third_Party/FreeRTOS/Source/timers.o
 .debug_macro   0x0000000000003806      0x172 ./Middlewares/Third_Party/FreeRTOS/Source/portable/GCC/ARM_CM3/port.o
 .debug_macro   0x0000000000003978      0x1ae ./Middlewares/Third_Party/FreeRTOS/Source/portable/MemMang/heap_4.o

.debug_line     0x0000000000000000    0x16b69
 .debug_line    0x0000000000000000      0xbf1 ./Core/Src/Lesson2_USART1_DMA1_ADC2.o
 .debug_line    0x0000000000000bf1      0xc54 ./Core/Src/main.o
 .debug_line    0x0000000000001845      0x7ab ./Core/Src/stm32f1xx_hal_msp.o
 .debug_line    0x0000000000001ff0      0x719 ./Core/Src/stm32f1xx_hal_timebase_tim.o
 .debug_line    0x0000000000002709      0x747 ./Core/Src/stm32f1xx_it.o
 .debug_line    0x0000000000002e50      0x729 ./Core/Src/system_stm32f1xx.o
 .debug_line    0x0000000000003579       0x86 ./Core/Startup/startup_stm32f103c8tx.o
 .debug_line    0x00000000000035ff      0x956 ./Drivers/STM32F1xx_HAL_Driver/Src/stm32f1xx_hal.o
 .debug_line    0x0000000000003f55      0xfdb ./Drivers/STM32F1xx_HAL_Driver/Src/stm32f1xx_hal_adc.o
 .debug_line    0x0000000000004f30      0xb3e ./Drivers/STM32F1xx_HAL_Driver/Src/stm32f1xx_hal_cortex.o
 .debug_line    0x0000000000005a6e      0x9ef ./Drivers/STM32F1xx_HAL_Driver/Src/stm32f1xx_hal_gpio.o
 .debug_line    0x000000000000645d      0xd62 ./Drivers/STM32F1xx_HAL_Driver/Src/stm32f1xx_hal_rcc.o
 .debug_line    0x00000000000071bf      0x89d ./Drivers/STM32F1xx_HAL_Driver/Src/stm32f1xx_hal_rcc_ex.o
 .debug_line    0x0000000000007a5c     0x33e1 ./Drivers/STM32F1xx_HAL_Driver/Src/stm32f1xx_hal_tim.o
 .debug_line    0x000000000000ae3d     0x18ac ./Drivers/STM32F1xx_HAL_Driver/Src/stm32f1xx_hal_tim_ex.o
 .debug_line    0x000000000000c6e9     0x2887 ./Drivers/STM32F1xx_HAL_Driver/Src/stm32f1xx_hal_uart.o
 .debug_line    0x000000000000ef70     0x2456 ./Middlewares/Third_Party/FreeRTOS/Source/CMSIS_RTOS_V2/cmsis_os2.o
 .debug_line    0x00000000000113c6      0x706 ./Middlewares/Third_Party/FreeRTOS/Source/list.o
 .debug_line    0x0000000000011acc     0x16c9 ./Middlewares/Third_Party/FreeRTOS/Source/queue.o
 .debug_line    0x0000000000013195     0x1d21 ./Middlewares/Third_Party/FreeRTOS/Source/tasks.o
 .debug_line    0x0000000000014eb6      0xc99 ./Middlewares/Third_Party/FreeRTOS/Source/timers.o
 .debug_line    0x0000000000015b4f      0x752 ./Middlewares/Third_Party/FreeRTOS/Source/portable/GCC/ARM_CM3/port.o
 .debug_line    0x00000000000162a1      0x8c8 ./Middlewares/Third_Party/FreeRTOS/Source/portable/MemMang/heap_4.o

.debug_str      0x0000000000000000    0x99641
 .debug_str     0x0000000000000000    0x8be32 ./Core/Src/Lesson2_USART1_DMA1_ADC2.o
                                      0x8c288 (size before relaxing)
 .debug_str     0x000000000008be32     0x4dc0 ./Core/Src/main.o
                                      0x8fc7b (size before relaxing)
 .debug_str     0x0000000000090bf2       0xf9 ./Core/Src/stm32f1xx_hal_msp.o
                                      0x88bc1 (size before relaxing)
 .debug_str     0x0000000000090ceb      0x10a ./Core/Src/stm32f1xx_hal_timebase_tim.o
                                      0x8880c (size before relaxing)
 .debug_str     0x0000000000090df5       0xa5 ./Core/Src/stm32f1xx_it.o
                                      0x8849d (size before relaxing)
 .debug_str     0x0000000000090e9a       0x7e ./Core/Src/system_stm32f1xx.o
                                      0x87f54 (size before relaxing)
 .debug_str     0x0000000000090f18       0x36 ./Core/Startup/startup_stm32f103c8tx.o
                                         0x8c (size before relaxing)
 .debug_str     0x0000000000090f4e      0x34a ./Drivers/STM32F1xx_HAL_Driver/Src/stm32f1xx_hal.o
                                      0x88687 (size before relaxing)
 .debug_str     0x0000000000091298      0x36f ./Drivers/STM32F1xx_HAL_Driver/Src/stm32f1xx_hal_adc.o
                                      0x88638 (size before relaxing)
 .debug_str     0x0000000000091607      0x23c ./Drivers/STM32F1xx_HAL_Driver/Src/stm32f1xx_hal_cortex.o
                                      0x885d3 (size before relaxing)
 .debug_str     0x0000000000091843      0x2c2 ./Drivers/STM32F1xx_HAL_Driver/Src/stm32f1xx_hal_gpio.o
                                      0x882da (size before relaxing)
 .debug_str     0x0000000000091b05      0x1f3 ./Drivers/STM32F1xx_HAL_Driver/Src/stm32f1xx_hal_rcc.o
                                      0x88383 (size before relaxing)
 .debug_str     0x0000000000091cf8       0x84 ./Drivers/STM32F1xx_HAL_Driver/Src/stm32f1xx_hal_rcc_ex.o
                                      0x880d3 (size before relaxing)
 .debug_str     0x0000000000091d7c      0xd88 ./Drivers/STM32F1xx_HAL_Driver/Src/stm32f1xx_hal_tim.o
                                      0x89375 (size before relaxing)
 .debug_str     0x0000000000092b04      0x493 ./Drivers/STM32F1xx_HAL_Driver/Src/stm32f1xx_hal_tim_ex.o
                                      0x88b91 (size before relaxing)
 .debug_str     0x0000000000092f97      0x616 ./Drivers/STM32F1xx_HAL_Driver/Src/stm32f1xx_hal_uart.o
                                      0x889f4 (size before relaxing)
 .debug_str     0x00000000000935ad     0x37af ./Middlewares/Third_Party/FreeRTOS/Source/CMSIS_RTOS_V2/cmsis_os2.o
                                       0xe15e (size before relaxing)
 .debug_str     0x0000000000096d5c      0x21b ./Middlewares/Third_Party/FreeRTOS/Source/list.o
                                       0xa24b (size before relaxing)
 .debug_str     0x0000000000096f77      0x86c ./Middlewares/Third_Party/FreeRTOS/Source/queue.o
                                       0xbc45 (size before relaxing)
 .debug_str     0x00000000000977e3     0x10a1 ./Middlewares/Third_Party/FreeRTOS/Source/tasks.o
                                       0xc7a9 (size before relaxing)
 .debug_str     0x0000000000098884      0x515 ./Middlewares/Third_Party/FreeRTOS/Source/timers.o
                                       0xc11a (size before relaxing)
 .debug_str     0x0000000000098d99      0x66e ./Middlewares/Third_Party/FreeRTOS/Source/portable/GCC/ARM_CM3/port.o
                                       0x7fe8 (size before relaxing)
 .debug_str     0x0000000000099407      0x23a ./Middlewares/Third_Party/FreeRTOS/Source/portable/MemMang/heap_4.o
                                       0xa998 (size before relaxing)

.comment        0x0000000000000000       0x50
 .comment       0x0000000000000000       0x50 ./Core/Src/Lesson2_USART1_DMA1_ADC2.o
                                         0x51 (size before relaxing)
 .comment       0x0000000000000050       0x51 ./Core/Src/main.o
 .comment       0x0000000000000050       0x51 ./Core/Src/stm32f1xx_hal_msp.o
 .comment       0x0000000000000050       0x51 ./Core/Src/stm32f1xx_hal_timebase_tim.o
 .comment       0x0000000000000050       0x51 ./Core/Src/stm32f1xx_it.o
 .comment       0x0000000000000050       0x51 ./Core/Src/system_stm32f1xx.o
 .comment       0x0000000000000050       0x51 ./Drivers/STM32F1xx_HAL_Driver/Src/stm32f1xx_hal.o
 .comment       0x0000000000000050       0x51 ./Drivers/STM32F1xx_HAL_Driver/Src/stm32f1xx_hal_adc.o
 .comment       0x0000000000000050       0x51 ./Drivers/STM32F1xx_HAL_Driver/Src/stm32f1xx_hal_cortex.o
 .comment       0x0000000000000050       0x51 ./Drivers/STM32F1xx_HAL_Driver/Src/stm32f1xx_hal_gpio.o
 .comment       0x0000000000000050       0x51 ./Drivers/STM32F1xx_HAL_Driver/Src/stm32f1xx_hal_rcc.o
 .comment       0x0000000000000050       0x51 ./Drivers/STM32F1xx_HAL_Driver/Src/stm32f1xx_hal_rcc_ex.o
 .comment       0x0000000000000050       0x51 ./Drivers/STM32F1xx_HAL_Driver/Src/stm32f1xx_hal_tim.o
 .comment       0x0000000000000050       0x51 ./Drivers/STM32F1xx_HAL_Driver/Src/stm32f1xx_hal_tim_ex.o
 .comment       0x0000000000000050       0x51 ./Drivers/STM32F1xx_HAL_Driver/Src/stm32f1xx_hal_uart.o
 .comment       0x0000000000000050       0x51 ./Middlewares/Third_Party/FreeRTOS/Source/CMSIS_RTOS_V2/cmsis_os2.o
 .comment       0x0000000000000050       0x51 ./Middlewares/Third_Party/FreeRTOS/Source/list.o
 .comment       0x0000000000000050       0x51 ./Middlewares/Third_Party/FreeRTOS/Source/queue.o
 .comment       0x0000000000000050       0x51 ./Middlewares/Third_Party/FreeRTOS/Source/tasks.o
 .comment       0x0000000000000050       0x51 ./Middlewares/Third_Party/FreeRTOS/Source/timers.o
 .comment       0x0000000000000050       0x51 ./Middlewares/Third_Party/FreeRTOS/Source/portable/GCC/ARM_CM3/port.o
 .comment       0x0000000000000050       0x51 ./Middlewares/Third_Party/FreeRTOS/Source/portable/MemMang/heap_4.o

.debug_frame    0x0000000000000000     0x567c
 .debug_frame   0x0000000000000000      0x180 ./Core/Src/Lesson2_USART1_DMA1_ADC2.o
 .debug_frame   0x0000000000000180      0x1fc ./Core/Src/main.o
 .debug_frame   0x000000000000037c      0x138 ./Core/Src/stm32f1xx_hal_msp.o
 .debug_frame   0x00000000000004b4       0x74 ./Core/Src/stm32f1xx_hal_timebase_tim.o
 .debug_frame   0x0000000000000528       0xc4 ./Core/Src/stm32f1xx_it.o
 .debug_frame   0x00000000000005ec       0x58 ./Core/Src/system_stm32f1xx.o
 .debug_frame   0x0000000000000644      0x334 ./Drivers/STM32F1xx_HAL_Driver/Src/stm32f1xx_hal.o
 .debug_frame   0x0000000000000978      0x40c ./Drivers/STM32F1xx_HAL_Driver/Src/stm32f1xx_hal_adc.o
 .debug_frame   0x0000000000000d84      0x428 ./Drivers/STM32F1xx_HAL_Driver/Src/stm32f1xx_hal_cortex.o
 .debug_frame   0x00000000000011ac      0x14c ./Drivers/STM32F1xx_HAL_Driver/Src/stm32f1xx_hal_gpio.o
 .debug_frame   0x00000000000012f8      0x218 ./Drivers/STM32F1xx_HAL_Driver/Src/stm32f1xx_hal_rcc.o
 .debug_frame   0x0000000000001510       0x80 ./Drivers/STM32F1xx_HAL_Driver/Src/stm32f1xx_hal_rcc_ex.o
 .debug_frame   0x0000000000001590     0x11bc ./Drivers/STM32F1xx_HAL_Driver/Src/stm32f1xx_hal_tim.o
 .debug_frame   0x000000000000274c      0x638 ./Drivers/STM32F1xx_HAL_Driver/Src/stm32f1xx_hal_tim_ex.o
 .debug_frame   0x0000000000002d84      0x944 ./Drivers/STM32F1xx_HAL_Driver/Src/stm32f1xx_hal_uart.o
 .debug_frame   0x00000000000036c8      0x980 ./Middlewares/Third_Party/FreeRTOS/Source/CMSIS_RTOS_V2/cmsis_os2.o
 .debug_frame   0x0000000000004048       0xd8 ./Middlewares/Third_Party/FreeRTOS/Source/list.o
 .debug_frame   0x0000000000004120      0x5ec ./Middlewares/Third_Party/FreeRTOS/Source/queue.o
 .debug_frame   0x000000000000470c      0x8a8 ./Middlewares/Third_Party/FreeRTOS/Source/tasks.o