../Drivers/CMSIS/Include/core_cm3.h:1511:22:__NVIC_EnableIRQ	16	static
../Core/Src/Lesson2_USART1_DMA1_ADC2.c:22:6:USART1_IRQHandler	16	static
../Core/Src/Lesson2_USART1_DMA1_ADC2.c:33:6:init_USART1	8	static
../Core/Src/Lesson2_USART1_DMA1_ADC2.c:67:6:init_DMA1_USART1	4	static
../Core/Src/Lesson2_USART1_DMA1_ADC2.c:76:6:send_String_DMA1	24	static
../Core/Src/Lesson2_USART1_DMA1_ADC2.c:86:6:txStr	32	static
../Core/Src/Lesson2_USART1_DMA1_ADC2.c:98:6:ExecuteCommand	128	static
../Core/Src/Lesson2_USART1_DMA1_ADC2.c:176:6:Delay	24	static
../Core/Src/Lesson2_USART1_DMA1_ADC2.c:181:6:init_ADC2	8	static
../Core/Src/Lesson2_USART1_DMA1_ADC2.c:208:10:channel_Adc_Convert	40	static
