../Core/Src/main.c:192:5:main	8	static
../Core/Src/main.c:300:6:SystemClock_Config	88	static
../Core/Src/main.c:347:13:MX_ADC1_Init	24	static
../Core/Src/main.c:394:13:MX_TIM2_Init	48	static
../Core/Src/main.c:443:13:MX_USART1_UART_Init	8	static
../Core/Src/main.c:476:13:MX_GPIO_Init	40	static
../Core/Src/main.c:518:6:StartDefaultTask	16	static
../Core/Src/main.c:536:6:StartLed1_Task	16	static
../Core/Src/main.c:555:6:StartLed2_Task	152	static
../Core/Src/main.c:577:6:StartReadBtn_Task	152	static
../Core/Src/main.c:602:6:StartLed3_Task	16	static
../Core/Src/main.c:624:6:StartADC_Task	160	static
../Core/Src/main.c:658:6:StartUART_Task	144	static
../Core/Src/main.c:680:6:HAL_TIM_PeriodElapsedCallback	16	static
../Core/Src/main.c:697:6:Error_Handler	4	static,ignoring_inline_asm
