../Core/Src/main.c:179:5:main	8	static
../Core/Src/main.c:284:6:SystemClock_Config	88	static
../Core/Src/main.c:331:13:MX_ADC1_Init	24	static
../Core/Src/main.c:378:13:MX_TIM2_Init	48	static
../Core/Src/main.c:427:13:MX_USART1_UART_Init	8	static
../Core/Src/main.c:460:13:MX_GPIO_Init	40	static
../Core/Src/main.c:502:6:StartDefaultTask	16	static
../Core/Src/main.c:520:6:StartLed1Task	16	static
../Core/Src/main.c:538:6:StartLed3Task	16	static
../Core/Src/main.c:556:6:StartReadBtnTask	16	static
../Core/Src/main.c:574:6:StartADC_Task	16	static
../Core/Src/main.c:592:6:StartUART_Task	16	static
../Core/Src/main.c:611:6:HAL_TIM_PeriodElapsedCallback	16	static
../Core/Src/main.c:628:6:Error_Handler	4	static,ignoring_inline_asm
