../Drivers/CMSIS/Include/core_cm3.h:1511:22:__NVIC_EnableIRQ	16	static
../Core/Src/My_Lib_CMSIS.c:9:7:Delay_ms	16	static
../Core/Src/My_Lib_CMSIS.c:24:7:CMSIS_RCC_SystemClock_72MHz	4	static
../Core/Src/My_Lib_CMSIS.c:51:7:CMSIS_SysTick_Timer_Init	4	static
../Core/Src/My_Lib_CMSIS.c:65:7:CMSIS_SWD_Init	4	static
../Core/Src/My_Lib_CMSIS.c:71:7:CMSIS_Init_Port_exaple1	4	static
../Core/Src/My_Lib_CMSIS.c:87:7:CMSIS_Init_Port_With_EXTI	8	static
../Core/Src/My_Lib_CMSIS.c:121:7:CMSIS_A3_OutPut_PusPull	4	static
../Core/Src/My_Lib_CMSIS.c:126:7:CMSIS_A3_Blinking	8	static
